Archive member included to satisfy reference by file (symbol)

c:/d/appications/stm/stm32cubeide_1.7.0/stm32cubeide/plugins/com.st.stm32cube.ide.mcu.externaltools.gnu-tools-for-stm32.9-2020-q2-update.win32_2.0.0.202105311346/tools/bin/../lib/gcc/arm-none-eabi/9.3.1/../../../../arm-none-eabi/lib/thumb/v7-m/nofp\libc_nano.a(lib_a-errno.o)
                              ./Core/Src/syscalls.o (__errno)
c:/d/appications/stm/stm32cubeide_1.7.0/stm32cubeide/plugins/com.st.stm32cube.ide.mcu.externaltools.gnu-tools-for-stm32.9-2020-q2-update.win32_2.0.0.202105311346/tools/bin/../lib/gcc/arm-none-eabi/9.3.1/../../../../arm-none-eabi/lib/thumb/v7-m/nofp\libc_nano.a(lib_a-exit.o)
                              c:/d/appications/stm/stm32cubeide_1.7.0/stm32cubeide/plugins/com.st.stm32cube.ide.mcu.externaltools.gnu-tools-for-stm32.9-2020-q2-update.win32_2.0.0.202105311346/tools/bin/../lib/gcc/arm-none-eabi/9.3.1/../../../../arm-none-eabi/lib/thumb/v7-m/nofp/crt0.o (exit)
c:/d/appications/stm/stm32cubeide_1.7.0/stm32cubeide/plugins/com.st.stm32cube.ide.mcu.externaltools.gnu-tools-for-stm32.9-2020-q2-update.win32_2.0.0.202105311346/tools/bin/../lib/gcc/arm-none-eabi/9.3.1/../../../../arm-none-eabi/lib/thumb/v7-m/nofp\libc_nano.a(lib_a-impure.o)
                              c:/d/appications/stm/stm32cubeide_1.7.0/stm32cubeide/plugins/com.st.stm32cube.ide.mcu.externaltools.gnu-tools-for-stm32.9-2020-q2-update.win32_2.0.0.202105311346/tools/bin/../lib/gcc/arm-none-eabi/9.3.1/../../../../arm-none-eabi/lib/thumb/v7-m/nofp\libc_nano.a(lib_a-exit.o) (_global_impure_ptr)
c:/d/appications/stm/stm32cubeide_1.7.0/stm32cubeide/plugins/com.st.stm32cube.ide.mcu.externaltools.gnu-tools-for-stm32.9-2020-q2-update.win32_2.0.0.202105311346/tools/bin/../lib/gcc/arm-none-eabi/9.3.1/../../../../arm-none-eabi/lib/thumb/v7-m/nofp\libc_nano.a(lib_a-init.o)
                              c:/d/appications/stm/stm32cubeide_1.7.0/stm32cubeide/plugins/com.st.stm32cube.ide.mcu.externaltools.gnu-tools-for-stm32.9-2020-q2-update.win32_2.0.0.202105311346/tools/bin/../lib/gcc/arm-none-eabi/9.3.1/../../../../arm-none-eabi/lib/thumb/v7-m/nofp/crt0.o (__libc_init_array)
c:/d/appications/stm/stm32cubeide_1.7.0/stm32cubeide/plugins/com.st.stm32cube.ide.mcu.externaltools.gnu-tools-for-stm32.9-2020-q2-update.win32_2.0.0.202105311346/tools/bin/../lib/gcc/arm-none-eabi/9.3.1/../../../../arm-none-eabi/lib/thumb/v7-m/nofp\libc_nano.a(lib_a-memset.o)
                              c:/d/appications/stm/stm32cubeide_1.7.0/stm32cubeide/plugins/com.st.stm32cube.ide.mcu.externaltools.gnu-tools-for-stm32.9-2020-q2-update.win32_2.0.0.202105311346/tools/bin/../lib/gcc/arm-none-eabi/9.3.1/../../../../arm-none-eabi/lib/thumb/v7-m/nofp/crt0.o (memset)
c:/d/appications/stm/stm32cubeide_1.7.0/stm32cubeide/plugins/com.st.stm32cube.ide.mcu.externaltools.gnu-tools-for-stm32.9-2020-q2-update.win32_2.0.0.202105311346/tools/bin/../lib/gcc/arm-none-eabi/9.3.1/../../../../arm-none-eabi/lib/thumb/v7-m/nofp\libc_nano.a(lib_a-sprintf.o)
                              ./Core/Src/traffic.o (sprintf)
c:/d/appications/stm/stm32cubeide_1.7.0/stm32cubeide/plugins/com.st.stm32cube.ide.mcu.externaltools.gnu-tools-for-stm32.9-2020-q2-update.win32_2.0.0.202105311346/tools/bin/../lib/gcc/arm-none-eabi/9.3.1/../../../../arm-none-eabi/lib/thumb/v7-m/nofp\libc_nano.a(lib_a-nano-svfprintf.o)
                              c:/d/appications/stm/stm32cubeide_1.7.0/stm32cubeide/plugins/com.st.stm32cube.ide.mcu.externaltools.gnu-tools-for-stm32.9-2020-q2-update.win32_2.0.0.202105311346/tools/bin/../lib/gcc/arm-none-eabi/9.3.1/../../../../arm-none-eabi/lib/thumb/v7-m/nofp\libc_nano.a(lib_a-sprintf.o) (_svfprintf_r)
c:/d/appications/stm/stm32cubeide_1.7.0/stm32cubeide/plugins/com.st.stm32cube.ide.mcu.externaltools.gnu-tools-for-stm32.9-2020-q2-update.win32_2.0.0.202105311346/tools/bin/../lib/gcc/arm-none-eabi/9.3.1/../../../../arm-none-eabi/lib/thumb/v7-m/nofp\libc_nano.a(lib_a-nano-vfprintf_i.o)
                              c:/d/appications/stm/stm32cubeide_1.7.0/stm32cubeide/plugins/com.st.stm32cube.ide.mcu.externaltools.gnu-tools-for-stm32.9-2020-q2-update.win32_2.0.0.202105311346/tools/bin/../lib/gcc/arm-none-eabi/9.3.1/../../../../arm-none-eabi/lib/thumb/v7-m/nofp\libc_nano.a(lib_a-nano-svfprintf.o) (_printf_i)
c:/d/appications/stm/stm32cubeide_1.7.0/stm32cubeide/plugins/com.st.stm32cube.ide.mcu.externaltools.gnu-tools-for-stm32.9-2020-q2-update.win32_2.0.0.202105311346/tools/bin/../lib/gcc/arm-none-eabi/9.3.1/../../../../arm-none-eabi/lib/thumb/v7-m/nofp\libc_nano.a(lib_a-memchr-stub.o)
                              c:/d/appications/stm/stm32cubeide_1.7.0/stm32cubeide/plugins/com.st.stm32cube.ide.mcu.externaltools.gnu-tools-for-stm32.9-2020-q2-update.win32_2.0.0.202105311346/tools/bin/../lib/gcc/arm-none-eabi/9.3.1/../../../../arm-none-eabi/lib/thumb/v7-m/nofp\libc_nano.a(lib_a-nano-svfprintf.o) (memchr)
[...]
Memory Configuration

Name             Origin             Length             Attributes
RAM              0x0000000020000000 0x0000000000005000 xrw
FLASH            0x0000000008000000 0x0000000000020000 xr
*default*        0x0000000000000000 0xffffffffffffffff

Linker script and memory map

LOAD c:/d/appications/stm/stm32cubeide_1.7.0/stm32cubeide/plugins/com.st.stm32cube.ide.mcu.externaltools.gnu-tools-for-stm32.9-2020-q2-update.win32_2.0.0.202105311346/tools/bin/../lib/gcc/arm-none-eabi/9.3.1/thumb/v7-m/nofp/crti.o
LOAD c:/d/appications/stm/stm32cubeide_1.7.0/stm32cubeide/plugins/com.st.stm32cube.ide.mcu.externaltools.gnu-tools-for-stm32.9-2020-q2-update.win32_2.0.0.202105311346/tools/bin/../lib/gcc/arm-none-eabi/9.3.1/thumb/v7-m/nofp/crtbegin.o
LOAD c:/d/appications/stm/stm32cubeide_1.7.0/stm32cubeide/plugins/com.st.stm32cube.ide.mcu.externaltools.gnu-tools-for-stm32.9-2020-q2-update.win32_2.0.0.202105311346/tools/bin/../lib/gcc/arm-none-eabi/9.3.1/../../../../arm-none-eabi/lib/thumb/v7-m/nofp/crt0.o
LOAD ./Core/Src/button.o
LOAD ./Core/Src/fsm_auto.o
LOAD ./Core/Src/fsm_manual.o
LOAD ./Core/Src/fsm_pedestrian.o
LOAD ./Core/Src/fsm_tuning.o
LOAD ./Core/Src/global.o
LOAD ./Core/Src/main.o
LOAD ./Core/Src/scheduler.o
LOAD ./Core/Src/stm32f1xx_hal_msp.o
LOAD ./Core/Src/stm32f1xx_it.o
LOAD ./Core/Src/syscalls.o
LOAD ./Core/Src/sysmem.o
LOAD ./Core/Src/system_stm32f1xx.o
LOAD ./Core/Src/timer.o
LOAD ./Core/Src/traffic.o
LOAD ./Core/Startup/startup_stm32f103rbtx.o
LOAD ./Drivers/STM32F1xx_HAL_Driver/Src/stm32f1xx_hal.o
LOAD ./Drivers/STM32F1xx_HAL_Driver/Src/stm32f1xx_hal_cortex.o
LOAD ./Drivers/STM32F1xx_HAL_Driver/Src/stm32f1xx_hal_dma.o
LOAD ./Drivers/STM32F1xx_HAL_Driver/Src/stm32f1xx_hal_exti.o
LOAD ./Drivers/STM32F1xx_HAL_Driver/Src/stm32f1xx_hal_flash.o
LOAD ./Drivers/STM32F1xx_HAL_Driver/Src/stm32f1xx_hal_flash_ex.o
LOAD ./Drivers/STM32F1xx_HAL_Driver/Src/stm32f1xx_hal_gpio.o
LOAD ./Drivers/STM32F1xx_HAL_Driver/Src/stm32f1xx_hal_gpio_ex.o
LOAD ./Drivers/STM32F1xx_HAL_Driver/Src/stm32f1xx_hal_pwr.o
LOAD ./Drivers/STM32F1xx_HAL_Driver/Src/stm32f1xx_hal_rcc.o
LOAD ./Drivers/STM32F1xx_HAL_Driver/Src/stm32f1xx_hal_rcc_ex.o
LOAD ./Drivers/STM32F1xx_HAL_Driver/Src/stm32f1xx_hal_tim.o
LOAD ./Drivers/STM32F1xx_HAL_Driver/Src/stm32f1xx_hal_tim_ex.o
LOAD ./Drivers/STM32F1xx_HAL_Driver/Src/stm32f1xx_hal_uart.o
START GROUP
LOAD c:/d/appications/stm/stm32cubeide_1.7.0/stm32cubeide/plugins/com.st.stm32cube.ide.mcu.externaltools.gnu-tools-for-stm32.9-2020-q2-update.win32_2.0.0.202105311346/tools/bin/../lib/gcc/arm-none-eabi/9.3.1/../../../../arm-none-eabi/lib/thumb/v7-m/nofp\libc_nano.a
LOAD c:/d/appications/stm/stm32cubeide_1.7.0/stm32cubeide/plugins/com.st.stm32cube.ide.mcu.externaltools.gnu-tools-for-stm32.9-2020-q2-update.win32_2.0.0.202105311346/tools/bin/../lib/gcc/arm-none-eabi/9.3.1/../../../../arm-none-eabi/lib/thumb/v7-m/nofp\libm.a
END GROUP
START GROUP
LOAD c:/d/appications/stm/stm32cubeide_1.7.0/stm32cubeide/plugins/com.st.stm32cube.ide.mcu.externaltools.gnu-tools-for-stm32.9-2020-q2-update.win32_2.0.0.202105311346/tools/bin/../lib/gcc/arm-none-eabi/9.3.1/thumb/v7-m/nofp\libgcc.a
LOAD c:/d/appications/stm/stm32cubeide_1.7.0/stm32cubeide/plugins/com.st.stm32cube.ide.mcu.externaltools.gnu-tools-for-stm32.9-2020-q2-update.win32_2.0.0.202105311346/tools/bin/../lib/gcc/arm-none-eabi/9.3.1/../../../../arm-none-eabi/lib/thumb/v7-m/nofp\libc_nano.a
END GROUP
START GROUP
LOAD c:/d/appications/stm/stm32cubeide_1.7.0/stm32cubeide/plugins/com.st.stm32cube.ide.mcu.externaltools.gnu-tools-for-stm32.9-2020-q2-update.win32_2.0.0.202105311346/tools/bin/../lib/gcc/arm-none-eabi/9.3.1/thumb/v7-m/nofp\libgcc.a
LOAD c:/d/appications/stm/stm32cubeide_1.7.0/stm32cubeide/plugins/com.st.stm32cube.ide.mcu.externaltools.gnu-tools-for-stm32.9-2020-q2-update.win32_2.0.0.202105311346/tools/bin/../lib/gcc/arm-none-eabi/9.3.1/../../../../arm-none-eabi/lib/thumb/v7-m/nofp\libc_nano.a
LOAD c:/d/appications/stm/stm32cubeide_1.7.0/stm32cubeide/plugins/com.st.stm32cube.ide.mcu.externaltools.gnu-tools-for-stm32.9-2020-q2-update.win32_2.0.0.202105311346/tools/bin/../lib/gcc/arm-none-eabi/9.3.1/../../../../arm-none-eabi/lib/thumb/v7-m/nofp\libnosys.a
END GROUP
START GROUP
LOAD c:/d/appications/stm/stm32cubeide_1.7.0/stm32cubeide/plugins/com.st.stm32cube.ide.mcu.externaltools.gnu-tools-for-stm32.9-2020-q2-update.win32_2.0.0.202105311346/tools/bin/../lib/gcc/arm-none-eabi/9.3.1/thumb/v7-m/nofp\libgcc.a
LOAD c:/d/appications/stm/stm32cubeide_1.7.0/stm32cubeide/plugins/com.st.stm32cube.ide.mcu.externaltools.gnu-tools-for-stm32.9-2020-q2-update.win32_2.0.0.202105311346/tools/bin/../lib/gcc/arm-none-eabi/9.3.1/../../../../arm-none-eabi/lib/thumb/v7-m/nofp\libc_nano.a
LOAD c:/d/appications/stm/stm32cubeide_1.7.0/stm32cubeide/plugins/com.st.stm32cube.ide.mcu.externaltools.gnu-tools-for-stm32.9-2020-q2-update.win32_2.0.0.202105311346/tools/bin/../lib/gcc/arm-none-eabi/9.3.1/../../../../arm-none-eabi/lib/thumb/v7-m/nofp\libnosys.a
END GROUP
LOAD c:/d/appications/stm/stm32cubeide_1.7.0/stm32cubeide/plugins/com.st.stm32cube.ide.mcu.externaltools.gnu-tools-for-stm32.9-2020-q2-update.win32_2.0.0.202105311346/tools/bin/../lib/gcc/arm-none-eabi/9.3.1/thumb/v7-m/nofp/crtend.o
LOAD c:/d/appications/stm/stm32cubeide_1.7.0/stm32cubeide/plugins/com.st.stm32cube.ide.mcu.externaltools.gnu-tools-for-stm32.9-2020-q2-update.win32_2.0.0.202105311346/tools/bin/../lib/gcc/arm-none-eabi/9.3.1/thumb/v7-m/nofp/crtn.o
                0x0000000020005000                _estack = (ORIGIN (RAM) + LENGTH (RAM))
                0x0000000000000200                _Min_Heap_Size = 0x200
                0x0000000000000400                _Min_Stack_Size = 0x400

.isr_vector     0x0000000008000000      0x10c
                0x0000000008000000                . = ALIGN (0x4)
 *(.isr_vector)
 .isr_vector    0x0000000008000000      0x10c ./Core/Startup/startup_stm32f103rbtx.o
                0x0000000008000000                g_pfnVectors
                0x000000000800010c                . = ALIGN (0x4)

.text           0x000000000800010c     0x4b3c
                0x000000000800010c                . = ALIGN (0x4)
 *(.text)
 .text          0x000000000800010c       0x40 c:/d/appications/stm/stm32cubeide_1.7.0/stm32cubeide/plugins/com.st.stm32cube.ide.mcu.externaltools.gnu-tools-for-stm32.9-2020-q2-update.win32_2.0.0.202105311346/tools/bin/../lib/gcc/arm-none-eabi/9.3.1/thumb/v7-m/nofp/crtbegin.o
 *(.text*)
 .text.isButtonPressed
                0x000000000800014c       0x34 ./Core/Src/button.o
                0x000000000800014c                isButtonPressed
 .text.button_process
                0x0000000008000180       0x2c ./Core/Src/button.o
                0x0000000008000180                button_process
 .text.button_reading
                0x00000000080001ac      0x20c ./Core/Src/button.o
                0x00000000080001ac                button_reading
 .text.fsm_auto_run
                0x00000000080003b8      0x250 ./Core/Src/fsm_auto.o
                0x00000000080003b8                fsm_auto_run
 .text.fsm_manual_run
                0x0000000008000608      0x290 ./Core/Src/fsm_manual.o
                0x0000000008000608                fsm_manual_run
 .text.fsm_pedestrian_run
                0x0000000008000898      0x1bc ./Core/Src/fsm_pedestrian.o
                0x0000000008000898                fsm_pedestrian_run
 .text.fsm_tuning_run
                0x0000000008000a54      0x538 ./Core/Src/fsm_tuning.o
                0x0000000008000a54                fsm_tuning_run
 .text.main     0x0000000008000f8c       0x5c ./Core/Src/main.o
                0x0000000008000f8c                main
 .text.SystemClock_Config
                0x0000000008000fe8       0x82 ./Core/Src/main.o
                0x0000000008000fe8                SystemClock_Config
 *fill*         0x000000000800106a        0x2 
 .text.MX_TIM2_Init
                0x000000000800106c       0x98 ./Core/Src/main.o
 .text.MX_TIM3_Init
                0x0000000008001104       0xec ./Core/Src/main.o
 .text.MX_USART2_UART_Init
                0x00000000080011f0       0x54 ./Core/Src/main.o
 .text.MX_GPIO_Init
                0x0000000008001244       0xdc ./Core/Src/main.o
 .text.Error_Handler
                0x0000000008001320        0xa ./Core/Src/main.o
                0x0000000008001320                Error_Handler
 .text.SCH_Init
                0x000000000800132a       0x2a ./Core/Src/scheduler.o
                0x000000000800132a                SCH_Init
 .text.SCH_Delete_Task
                0x0000000008001354       0x80 ./Core/Src/scheduler.o
                0x0000000008001354                SCH_Delete_Task
 .text.HAL_MspInit
                0x00000000080013d4       0x64 ./Core/Src/stm32f1xx_hal_msp.o
                0x00000000080013d4                HAL_MspInit
 .text.HAL_TIM_Base_MspInit
                0x0000000008001438       0x70 ./Core/Src/stm32f1xx_hal_msp.o
                0x0000000008001438                HAL_TIM_Base_MspInit
 .text.HAL_TIM_MspPostInit
                0x00000000080014a8       0x64 ./Core/Src/stm32f1xx_hal_msp.o
                0x00000000080014a8                HAL_TIM_MspPostInit
 .text.HAL_UART_MspInit
                0x000000000800150c       0xa4 ./Core/Src/stm32f1xx_hal_msp.o
                0x000000000800150c                HAL_UART_MspInit
 .text.NMI_Handler
                0x00000000080015b0        0x6 ./Core/Src/stm32f1xx_it.o
                0x00000000080015b0                NMI_Handler
 .text.HardFault_Handler
                0x00000000080015b6        0x6 ./Core/Src/stm32f1xx_it.o
                0x00000000080015b6                HardFault_Handler
 .text.MemManage_Handler
                0x00000000080015bc        0x6 ./Core/Src/stm32f1xx_it.o
                0x00000000080015bc                MemManage_Handler
 .text.BusFault_Handler
                0x00000000080015c2        0x6 ./Core/Src/stm32f1xx_it.o
                0x00000000080015c2                BusFault_Handler
 .text.UsageFault_Handler
                0x00000000080015c8        0x6 ./Core/Src/stm32f1xx_it.o
                0x00000000080015c8                UsageFault_Handler
 .text.SVC_Handler
                0x00000000080015ce        0xc ./Core/Src/stm32f1xx_it.o
                0x00000000080015ce                SVC_Handler
 .text.DebugMon_Handler
                0x00000000080015da        0xc ./Core/Src/stm32f1xx_it.o
                0x00000000080015da                DebugMon_Handler
 .text.PendSV_Handler
                0x00000000080015e6        0xc ./Core/Src/stm32f1xx_it.o
                0x00000000080015e6                PendSV_Handler
 .text.SysTick_Handler
                0x00000000080015f2        0xc ./Core/Src/stm32f1xx_it.o
                0x00000000080015f2                SysTick_Handler
 *fill*         0x00000000080015fe        0x2 
 .text.TIM2_IRQHandler
                0x0000000008001600       0x14 ./Core/Src/stm32f1xx_it.o
                0x0000000008001600                TIM2_IRQHandler
 .text.USART2_IRQHandler
                0x0000000008001614       0x14 ./Core/Src/stm32f1xx_it.o
                0x0000000008001614                USART2_IRQHandler
 .text._sbrk    0x0000000008001628       0x6c ./Core/Src/sysmem.o
                0x0000000008001628                _sbrk
 .text.SystemInit
                0x0000000008001694        0xc ./Core/Src/system_stm32f1xx.o
                0x0000000008001694                SystemInit
 .text.setTimer1
                0x00000000080016a0       0x38 ./Core/Src/timer.o
                0x00000000080016a0                setTimer1
 .text.setTimer2
                0x00000000080016d8       0x38 ./Core/Src/timer.o
                0x00000000080016d8                setTimer2
 .text.setTimer3
                0x0000000008001710       0x38 ./Core/Src/timer.o
                0x0000000008001710                setTimer3
 .text.timer_run
                0x0000000008001748       0x84 ./Core/Src/timer.o
                0x0000000008001748                timer_run
 .text.HAL_TIM_PeriodElapsedCallback
                0x00000000080017cc       0x18 ./Core/Src/timer.o
                0x00000000080017cc                HAL_TIM_PeriodElapsedCallback
 .text.setTraffic1Red
                0x00000000080017e4       0x28 ./Core/Src/traffic.o
                0x00000000080017e4                setTraffic1Red
 .text.setTraffic2Red
                0x000000000800180c       0x20 ./Core/Src/traffic.o
                0x000000000800180c                setTraffic2Red
 .text.setTraffic1Green
                0x000000000800182c       0x28 ./Core/Src/traffic.o
                0x000000000800182c                setTraffic1Green
 .text.clearTraffic1
                0x0000000008001854       0x28 ./Core/Src/traffic.o
                0x0000000008001854                clearTraffic1
 .text.setTraffic2Green
                0x000000000800187c       0x20 ./Core/Src/traffic.o
                0x000000000800187c                setTraffic2Green
 .text.setTraffic1Yellow
                0x000000000800189c       0x28 ./Core/Src/traffic.o
                0x000000000800189c                setTraffic1Yellow
 .text.setTraffic2Yellow
                0x00000000080018c4       0x20 ./Core/Src/traffic.o
                0x00000000080018c4                setTraffic2Yellow
 .text.clearTraffic2
                0x00000000080018e4       0x20 ./Core/Src/traffic.o
                0x00000000080018e4                clearTraffic2
 .text.setPedestrianRed
                0x0000000008001904       0x28 ./Core/Src/traffic.o
                0x0000000008001904                setPedestrianRed
 .text.setPedestrianGreen
                0x000000000800192c       0x28 ./Core/Src/traffic.o
                0x000000000800192c                setPedestrianGreen
 .text.clearPedestrian
                0x0000000008001954       0x28 ./Core/Src/traffic.o
                0x0000000008001954                clearPedestrian
 .text.toggleTraffic1Red
                0x000000000800197c       0x18 ./Core/Src/traffic.o
                0x000000000800197c                toggleTraffic1Red
 .text.toggleTraffic2Red
                0x0000000008001994       0x14 ./Core/Src/traffic.o
                0x0000000008001994                toggleTraffic2Red
 .text.toggleTraffic1Green
                0x00000000080019a8       0x14 ./Core/Src/traffic.o
                0x00000000080019a8                toggleTraffic1Green
 .text.toggleTraffic2Green
                0x00000000080019bc       0x14 ./Core/Src/traffic.o
                0x00000000080019bc                toggleTraffic2Green
 .text.toggleTraffic1Yellow
                0x00000000080019d0       0x24 ./Core/Src/traffic.o
                0x00000000080019d0                toggleTraffic1Yellow
 .text.toggleTraffic2Yellow
                0x00000000080019f4       0x1c ./Core/Src/traffic.o
                0x00000000080019f4                toggleTraffic2Yellow
 .text.acceptTraffic1Red
                0x0000000008001a10       0x44 ./Core/Src/traffic.o
                0x0000000008001a10                acceptTraffic1Red
 .text.acceptTraffic2Red
                0x0000000008001a54       0x44 ./Core/Src/traffic.o
                0x0000000008001a54                acceptTraffic2Red
 .text.acceptTraffic1Green
                0x0000000008001a98       0x34 ./Core/Src/traffic.o
                0x0000000008001a98                acceptTraffic1Green
 .text.acceptTraffic2Green
                0x0000000008001acc       0x34 ./Core/Src/traffic.o
                0x0000000008001acc                acceptTraffic2Green
 .text.acceptTraffic1Yellow
                0x0000000008001b00       0x34 ./Core/Src/traffic.o
                0x0000000008001b00                acceptTraffic1Yellow
 .text.acceptTraffic2Yellow
                0x0000000008001b34       0x34 ./Core/Src/traffic.o
                0x0000000008001b34                acceptTraffic2Yellow
 .text.displayCounter
                0x0000000008001b68       0x5c ./Core/Src/traffic.o
                0x0000000008001b68                displayCounter
 .text.Reset_Handler
                0x0000000008001bc4       0x48 ./Core/Startup/startup_stm32f103rbtx.o
                0x0000000008001bc4                Reset_Handler
 .text.Default_Handler
                0x0000000008001c0c        0x2 ./Core/Startup/startup_stm32f103rbtx.o
                0x0000000008001c0c                RTC_Alarm_IRQHandler
                0x0000000008001c0c                EXTI2_IRQHandler
                0x0000000008001c0c                TIM1_CC_IRQHandler
                0x0000000008001c0c                PVD_IRQHandler
                0x0000000008001c0c                EXTI3_IRQHandler
                0x0000000008001c0c                EXTI0_IRQHandler
                0x0000000008001c0c                I2C2_EV_IRQHandler
                0x0000000008001c0c                ADC1_2_IRQHandler
                0x0000000008001c0c                SPI1_IRQHandler
                0x0000000008001c0c                TAMPER_IRQHandler
                0x0000000008001c0c                DMA1_Channel4_IRQHandler
                0x0000000008001c0c                USART3_IRQHandler
                0x0000000008001c0c                RTC_IRQHandler
                0x0000000008001c0c                DMA1_Channel7_IRQHandler
                0x0000000008001c0c                CAN1_RX1_IRQHandler
                0x0000000008001c0c                TIM4_IRQHandler
                0x0000000008001c0c                I2C1_EV_IRQHandler
                0x0000000008001c0c                DMA1_Channel6_IRQHandler
                0x0000000008001c0c                TIM3_IRQHandler
                0x0000000008001c0c                RCC_IRQHandler
                0x0000000008001c0c                TIM1_TRG_COM_IRQHandler
                0x0000000008001c0c                DMA1_Channel1_IRQHandler
                0x0000000008001c0c                Default_Handler
                0x0000000008001c0c                EXTI15_10_IRQHandler
                0x0000000008001c0c                EXTI9_5_IRQHandler
                0x0000000008001c0c                SPI2_IRQHandler
                0x0000000008001c0c                DMA1_Channel5_IRQHandler
                0x0000000008001c0c                EXTI4_IRQHandler
                0x0000000008001c0c                USB_LP_CAN1_RX0_IRQHandler
                0x0000000008001c0c                USB_HP_CAN1_TX_IRQHandler
                0x0000000008001c0c                DMA1_Channel3_IRQHandler
                0x0000000008001c0c                TIM1_UP_IRQHandler
                0x0000000008001c0c                WWDG_IRQHandler
                0x0000000008001c0c                TIM1_BRK_IRQHandler
                0x0000000008001c0c                EXTI1_IRQHandler
                0x0000000008001c0c                I2C2_ER_IRQHandler
                0x0000000008001c0c                DMA1_Channel2_IRQHandler
                0x0000000008001c0c                CAN1_SCE_IRQHandler
                0x0000000008001c0c                FLASH_IRQHandler
                0x0000000008001c0c                USART1_IRQHandler
                0x0000000008001c0c                I2C1_ER_IRQHandler
                0x0000000008001c0c                USBWakeUp_IRQHandler
 *fill*         0x0000000008001c0e        0x2 
 .text.HAL_Init
                0x0000000008001c10       0x2c ./Drivers/STM32F1xx_HAL_Driver/Src/stm32f1xx_hal.o
                0x0000000008001c10                HAL_Init
 .text.HAL_InitTick
                0x0000000008001c3c       0x60 ./Drivers/STM32F1xx_HAL_Driver/Src/stm32f1xx_hal.o
                0x0000000008001c3c                HAL_InitTick
 .text.HAL_IncTick
                0x0000000008001c9c       0x24 ./Drivers/STM32F1xx_HAL_Driver/Src/stm32f1xx_hal.o
                0x0000000008001c9c                HAL_IncTick
 .text.HAL_GetTick
                0x0000000008001cc0       0x14 ./Drivers/STM32F1xx_HAL_Driver/Src/stm32f1xx_hal.o
                0x0000000008001cc0                HAL_GetTick
 .text.__NVIC_SetPriorityGrouping
                0x0000000008001cd4       0x48 ./Drivers/STM32F1xx_HAL_Driver/Src/stm32f1xx_hal_cortex.o
 .text.__NVIC_GetPriorityGrouping
                0x0000000008001d1c       0x1c ./Drivers/STM32F1xx_HAL_Driver/Src/stm32f1xx_hal_cortex.o
 .text.__NVIC_EnableIRQ
                0x0000000008001d38       0x38 ./Drivers/STM32F1xx_HAL_Driver/Src/stm32f1xx_hal_cortex.o
 .text.__NVIC_SetPriority
                0x0000000008001d70       0x54 ./Drivers/STM32F1xx_HAL_Driver/Src/stm32f1xx_hal_cortex.o
 .text.NVIC_EncodePriority
                0x0000000008001dc4       0x64 ./Drivers/STM32F1xx_HAL_Driver/Src/stm32f1xx_hal_cortex.o
 .text.SysTick_Config
                0x0000000008001e28       0x44 ./Drivers/STM32F1xx_HAL_Driver/Src/stm32f1xx_hal_cortex.o
 .text.HAL_NVIC_SetPriorityGrouping
                0x0000000008001e6c       0x16 ./Drivers/STM32F1xx_HAL_Driver/Src/stm32f1xx_hal_cortex.o
                0x0000000008001e6c                HAL_NVIC_SetPriorityGrouping
 .text.HAL_NVIC_SetPriority
                0x0000000008001e82       0x38 ./Drivers/STM32F1xx_HAL_Driver/Src/stm32f1xx_hal_cortex.o
                0x0000000008001e82                HAL_NVIC_SetPriority
 .text.HAL_NVIC_EnableIRQ
                0x0000000008001eba       0x1c ./Drivers/STM32F1xx_HAL_Driver/Src/stm32f1xx_hal_cortex.o
                0x0000000008001eba                HAL_NVIC_EnableIRQ
 .text.HAL_SYSTICK_Config
                0x0000000008001ed6       0x18 ./Drivers/STM32F1xx_HAL_Driver/Src/stm32f1xx_hal_cortex.o
                0x0000000008001ed6                HAL_SYSTICK_Config
 .text.HAL_DMA_Abort
                0x0000000008001eee       0x74 ./Drivers/STM32F1xx_HAL_Driver/Src/stm32f1xx_hal_dma.o
                0x0000000008001eee                HAL_DMA_Abort
 *fill*         0x0000000008001f62        0x2 
 .text.HAL_DMA_Abort_IT
                0x0000000008001f64       0xec ./Drivers/STM32F1xx_HAL_Driver/Src/stm32f1xx_hal_dma.o
                0x0000000008001f64                HAL_DMA_Abort_IT
 .text.HAL_GPIO_Init
                0x0000000008002050      0x308 ./Drivers/STM32F1xx_HAL_Driver/Src/stm32f1xx_hal_gpio.o
                0x0000000008002050                HAL_GPIO_Init
 .text.HAL_GPIO_ReadPin
                0x0000000008002358       0x2e ./Drivers/STM32F1xx_HAL_Driver/Src/stm32f1xx_hal_gpio.o
                0x0000000008002358                HAL_GPIO_ReadPin
 .text.HAL_GPIO_WritePin
                0x0000000008002386       0x30 ./Drivers/STM32F1xx_HAL_Driver/Src/stm32f1xx_hal_gpio.o
                0x0000000008002386                HAL_GPIO_WritePin
 .text.HAL_GPIO_TogglePin
                0x00000000080023b6       0x32 ./Drivers/STM32F1xx_HAL_Driver/Src/stm32f1xx_hal_gpio.o
                0x00000000080023b6                HAL_GPIO_TogglePin
 .text.HAL_RCC_OscConfig
                0x00000000080023e8      0x500 ./Drivers/STM32F1xx_HAL_Driver/Src/stm32f1xx_hal_rcc.o
                0x00000000080023e8                HAL_RCC_OscConfig
 .text.HAL_RCC_ClockConfig
                0x00000000080028e8      0x1d4 ./Drivers/STM32F1xx_HAL_Driver/Src/stm32f1xx_hal_rcc.o
                0x00000000080028e8                HAL_RCC_ClockConfig
 .text.HAL_RCC_GetSysClockFreq
                0x0000000008002abc       0xc0 ./Drivers/STM32F1xx_HAL_Driver/Src/stm32f1xx_hal_rcc.o
                0x0000000008002abc                HAL_RCC_GetSysClockFreq
 .text.HAL_RCC_GetHCLKFreq
                0x0000000008002b7c       0x14 ./Drivers/STM32F1xx_HAL_Driver/Src/stm32f1xx_hal_rcc.o
                0x0000000008002b7c                HAL_RCC_GetHCLKFreq
 .text.HAL_RCC_GetPCLK1Freq
                0x0000000008002b90       0x28 ./Drivers/STM32F1xx_HAL_Driver/Src/stm32f1xx_hal_rcc.o
                0x0000000008002b90                HAL_RCC_GetPCLK1Freq
 .text.HAL_RCC_GetPCLK2Freq
                0x0000000008002bb8       0x28 ./Drivers/STM32F1xx_HAL_Driver/Src/stm32f1xx_hal_rcc.o
                0x0000000008002bb8                HAL_RCC_GetPCLK2Freq
 .text.RCC_Delay
                0x0000000008002be0       0x3c ./Drivers/STM32F1xx_HAL_Driver/Src/stm32f1xx_hal_rcc.o
 .text.HAL_TIM_Base_Init
                0x0000000008002c1c       0x9e ./Drivers/STM32F1xx_HAL_Driver/Src/stm32f1xx_hal_tim.o
                0x0000000008002c1c                HAL_TIM_Base_Init
 *fill*         0x0000000008002cba        0x2 
 .text.HAL_TIM_Base_Start_IT
                0x0000000008002cbc       0xa4 ./Drivers/STM32F1xx_HAL_Driver/Src/stm32f1xx_hal_tim.o
                0x0000000008002cbc                HAL_TIM_Base_Start_IT
 .text.HAL_TIM_PWM_Init
                0x0000000008002d60       0x9e ./Drivers/STM32F1xx_HAL_Driver/Src/stm32f1xx_hal_tim.o
                0x0000000008002d60                HAL_TIM_PWM_Init
 .text.HAL_TIM_PWM_MspInit
                0x0000000008002dfe       0x12 ./Drivers/STM32F1xx_HAL_Driver/Src/stm32f1xx_hal_tim.o
                0x0000000008002dfe                HAL_TIM_PWM_MspInit
 .text.HAL_TIM_PWM_Start
                0x0000000008002e10      0x144 ./Drivers/STM32F1xx_HAL_Driver/Src/stm32f1xx_hal_tim.o
                0x0000000008002e10                HAL_TIM_PWM_Start
 .text.HAL_TIM_IRQHandler
                0x0000000008002f54      0x210 ./Drivers/STM32F1xx_HAL_Driver/Src/stm32f1xx_hal_tim.o
                0x0000000008002f54                HAL_TIM_IRQHandler
 .text.HAL_TIM_PWM_ConfigChannel
                0x0000000008003164      0x17c ./Drivers/STM32F1xx_HAL_Driver/Src/stm32f1xx_hal_tim.o
                0x0000000008003164                HAL_TIM_PWM_ConfigChannel
 .text.HAL_TIM_ConfigClockSource
                0x00000000080032e0      0x188 ./Drivers/STM32F1xx_HAL_Driver/Src/stm32f1xx_hal_tim.o
                0x00000000080032e0                HAL_TIM_ConfigClockSource
 .text.HAL_TIM_OC_DelayElapsedCallback
                0x0000000008003468       0x12 ./Drivers/STM32F1xx_HAL_Driver/Src/stm32f1xx_hal_tim.o
                0x0000000008003468                HAL_TIM_OC_DelayElapsedCallback
 .text.HAL_TIM_IC_CaptureCallback
                0x000000000800347a       0x12 ./Drivers/STM32F1xx_HAL_Driver/Src/stm32f1xx_hal_tim.o
                0x000000000800347a                HAL_TIM_IC_CaptureCallback
 .text.HAL_TIM_PWM_PulseFinishedCallback
                0x000000000800348c       0x12 ./Drivers/STM32F1xx_HAL_Driver/Src/stm32f1xx_hal_tim.o
                0x000000000800348c                HAL_TIM_PWM_PulseFinishedCallback
 .text.HAL_TIM_TriggerCallback
                0x000000000800349e       0x12 ./Drivers/STM32F1xx_HAL_Driver/Src/stm32f1xx_hal_tim.o
                0x000000000800349e                HAL_TIM_TriggerCallback
 .text.TIM_Base_SetConfig
                0x00000000080034b0       0xc4 ./Drivers/STM32F1xx_HAL_Driver/Src/stm32f1xx_hal_tim.o
                0x00000000080034b0                TIM_Base_SetConfig
 .text.TIM_OC1_SetConfig
                0x0000000008003574       0xcc ./Drivers/STM32F1xx_HAL_Driver/Src/stm32f1xx_hal_tim.o
 .text.TIM_OC2_SetConfig
                0x0000000008003640       0xd4 ./Drivers/STM32F1xx_HAL_Driver/Src/stm32f1xx_hal_tim.o
                0x0000000008003640                TIM_OC2_SetConfig
 .text.TIM_OC3_SetConfig
                0x0000000008003714       0xd4 ./Drivers/STM32F1xx_HAL_Driver/Src/stm32f1xx_hal_tim.o
 .text.TIM_OC4_SetConfig
                0x00000000080037e8       0x9c ./Drivers/STM32F1xx_HAL_Driver/Src/stm32f1xx_hal_tim.o
 .text.TIM_TI1_ConfigInputStage
                0x0000000008003884       0x5c ./Drivers/STM32F1xx_HAL_Driver/Src/stm32f1xx_hal_tim.o
 .text.TIM_TI2_ConfigInputStage
                0x00000000080038e0       0x5e ./Drivers/STM32F1xx_HAL_Driver/Src/stm32f1xx_hal_tim.o
 .text.TIM_ITRx_SetConfig
                0x000000000800393e       0x34 ./Drivers/STM32F1xx_HAL_Driver/Src/stm32f1xx_hal_tim.o
 .text.TIM_ETR_SetConfig
                0x0000000008003972       0x3e ./Drivers/STM32F1xx_HAL_Driver/Src/stm32f1xx_hal_tim.o
                0x0000000008003972                TIM_ETR_SetConfig
 .text.TIM_CCxChannelCmd
                0x00000000080039b0       0x48 ./Drivers/STM32F1xx_HAL_Driver/Src/stm32f1xx_hal_tim.o
                0x00000000080039b0                TIM_CCxChannelCmd
 .text.HAL_TIMEx_MasterConfigSynchronization
                0x00000000080039f8       0xbc ./Drivers/STM32F1xx_HAL_Driver/Src/stm32f1xx_hal_tim_ex.o
                0x00000000080039f8                HAL_TIMEx_MasterConfigSynchronization
 .text.HAL_TIMEx_CommutCallback
                0x0000000008003ab4       0x12 ./Drivers/STM32F1xx_HAL_Driver/Src/stm32f1xx_hal_tim_ex.o
                0x0000000008003ab4                HAL_TIMEx_CommutCallback
 .text.HAL_TIMEx_BreakCallback
                0x0000000008003ac6       0x12 ./Drivers/STM32F1xx_HAL_Driver/Src/stm32f1xx_hal_tim_ex.o
                0x0000000008003ac6                HAL_TIMEx_BreakCallback
 .text.HAL_UART_Init
                0x0000000008003ad8       0x9a ./Drivers/STM32F1xx_HAL_Driver/Src/stm32f1xx_hal_uart.o
                0x0000000008003ad8                HAL_UART_Init
 .text.HAL_UART_Transmit_IT
                0x0000000008003b72       0x88 ./Drivers/STM32F1xx_HAL_Driver/Src/stm32f1xx_hal_uart.o
                0x0000000008003b72                HAL_UART_Transmit_IT
 *fill*         0x0000000008003bfa        0x2 
 .text.HAL_UART_IRQHandler
                0x0000000008003bfc      0x354 ./Drivers/STM32F1xx_HAL_Driver/Src/stm32f1xx_hal_uart.o
                0x0000000008003bfc                HAL_UART_IRQHandler
 .text.HAL_UART_TxCpltCallback
                0x0000000008003f50       0x12 ./Drivers/STM32F1xx_HAL_Driver/Src/stm32f1xx_hal_uart.o
                0x0000000008003f50                HAL_UART_TxCpltCallback
 .text.HAL_UART_RxCpltCallback
                0x0000000008003f62       0x12 ./Drivers/STM32F1xx_HAL_Driver/Src/stm32f1xx_hal_uart.o
                0x0000000008003f62                HAL_UART_RxCpltCallback
 .text.HAL_UART_ErrorCallback
                0x0000000008003f74       0x12 ./Drivers/STM32F1xx_HAL_Driver/Src/stm32f1xx_hal_uart.o
                0x0000000008003f74                HAL_UART_ErrorCallback
 .text.HAL_UARTEx_RxEventCallback
                0x0000000008003f86       0x16 ./Drivers/STM32F1xx_HAL_Driver/Src/stm32f1xx_hal_uart.o
                0x0000000008003f86                HAL_UARTEx_RxEventCallback
 .text.UART_EndRxTransfer
                0x0000000008003f9c       0x58 ./Drivers/STM32F1xx_HAL_Driver/Src/stm32f1xx_hal_uart.o
 .text.UART_DMAAbortOnError
                0x0000000008003ff4       0x28 ./Drivers/STM32F1xx_HAL_Driver/Src/stm32f1xx_hal_uart.o
 .text.UART_Transmit_IT
                0x000000000800401c       0x9e ./Drivers/STM32F1xx_HAL_Driver/Src/stm32f1xx_hal_uart.o
 .text.UART_EndTransmit_IT
                0x00000000080040ba       0x30 ./Drivers/STM32F1xx_HAL_Driver/Src/stm32f1xx_hal_uart.o
 .text.UART_Receive_IT
                0x00000000080040ea      0x152 ./Drivers/STM32F1xx_HAL_Driver/Src/stm32f1xx_hal_uart.o
 .text.UART_SetConfig
                0x000000000800423c      0x11c ./Drivers/STM32F1xx_HAL_Driver/Src/stm32f1xx_hal_uart.o
 .text.__errno  0x0000000008004358        0xc c:/d/appications/stm/stm32cubeide_1.7.0/stm32cubeide/plugins/com.st.stm32cube.ide.mcu.externaltools.gnu-tools-for-stm32.9-2020-q2-update.win32_2.0.0.202105311346/tools/bin/../lib/gcc/arm-none-eabi/9.3.1/../../../../arm-none-eabi/lib/thumb/v7-m/nofp\libc_nano.a(lib_a-errno.o)
                0x0000000008004358                __errno
 .text.__libc_init_array
                0x0000000008004364       0x48 c:/d/appications/stm/stm32cubeide_1.7.0/stm32cubeide/plugins/com.st.stm32cube.ide.mcu.externaltools.gnu-tools-for-stm32.9-2020-q2-update.win32_2.0.0.202105311346/tools/bin/../lib/gcc/arm-none-eabi/9.3.1/../../../../arm-none-eabi/lib/thumb/v7-m/nofp\libc_nano.a(lib_a-init.o)
                0x0000000008004364                __libc_init_array
 .text.memset   0x00000000080043ac       0x10 c:/d/appications/stm/stm32cubeide_1.7.0/stm32cubeide/plugins/com.st.stm32cube.ide.mcu.externaltools.gnu-tools-for-stm32.9-2020-q2-update.win32_2.0.0.202105311346/tools/bin/../lib/gcc/arm-none-eabi/9.3.1/../../../../arm-none-eabi/lib/thumb/v7-m/nofp\libc_nano.a(lib_a-memset.o)
                0x00000000080043ac                memset
 .text.sprintf  0x00000000080043bc       0x40 c:/d/appications/stm/stm32cubeide_1.7.0/stm32cubeide/plugins/com.st.stm32cube.ide.mcu.externaltools.gnu-tools-for-stm32.9-2020-q2-update.win32_2.0.0.202105311346/tools/bin/../lib/gcc/arm-none-eabi/9.3.1/../../../../arm-none-eabi/lib/thumb/v7-m/nofp\libc_nano.a(lib_a-sprintf.o)
                0x00000000080043bc                siprintf
                0x00000000080043bc                sprintf
 .text.__ssputs_r
                0x00000000080043fc       0xb6 c:/d/appications/stm/stm32cubeide_1.7.0/stm32cubeide/plugins/com.st.stm32cube.ide.mcu.externaltools.gnu-tools-for-stm32.9-2020-q2-update.win32_2.0.0.202105311346/tools/bin/../lib/gcc/arm-none-eabi/9.3.1/../../../../arm-none-eabi/lib/thumb/v7-m/nofp\libc_nano.a(lib_a-nano-svfprintf.o)
                0x00000000080043fc                __ssputs_r
 *fill*         0x00000000080044b2        0x2 
 .text._svfprintf_r
                0x00000000080044b4      0x200 c:/d/appications/stm/stm32cubeide_1.7.0/stm32cubeide/plugins/com.st.stm32cube.ide.mcu.externaltools.gnu-tools-for-stm32.9-2020-q2-update.win32_2.0.0.202105311346/tools/bin/../lib/gcc/arm-none-eabi/9.3.1/../../../../arm-none-eabi/lib/thumb/v7-m/nofp\libc_nano.a(lib_a-nano-svfprintf.o)
                0x00000000080044b4                _svfiprintf_r
                0x00000000080044b4                _svfprintf_r
 .text._printf_common
                0x00000000080046b4       0xde c:/d/appications/stm/stm32cubeide_1.7.0/stm32cubeide/plugins/com.st.stm32cube.ide.mcu.externaltools.gnu-tools-for-stm32.9-2020-q2-update.win32_2.0.0.202105311346/tools/bin/../lib/gcc/arm-none-eabi/9.3.1/../../../../arm-none-eabi/lib/thumb/v7-m/nofp\libc_nano.a(lib_a-nano-vfprintf_i.o)
                0x00000000080046b4                _printf_common
 *fill*         0x0000000008004792        0x2 
 .text._printf_i
                0x0000000008004794      0x24c c:/d/appications/stm/stm32cubeide_1.7.0/stm32cubeide/plugins/com.st.stm32cube.ide.mcu.externaltools.gnu-tools-for-stm32.9-2020-q2-update.win32_2.0.0.202105311346/tools/bin/../lib/gcc/arm-none-eabi/9.3.1/../../../../arm-none-eabi/lib/thumb/v7-m/nofp\libc_nano.a(lib_a-nano-vfprintf_i.o)
                0x0000000008004794                _printf_i
 .text.memchr   0x00000000080049e0       0x1c c:/d/appications/stm/stm32cubeide_1.7.0/stm32cubeide/plugins/com.st.stm32cube.ide.mcu.externaltools.gnu-tools-for-stm32.9-2020-q2-update.win32_2.0.0.202105311346/tools/bin/../lib/gcc/arm-none-eabi/9.3.1/../../../../arm-none-eabi/lib/thumb/v7-m/nofp\libc_nano.a(lib_a-memchr-stub.o)
                0x00000000080049e0                memchr
 .text.memcpy   0x00000000080049fc       0x1c c:/d/appications/stm/stm32cubeide_1.7.0/stm32cubeide/plugins/com.st.stm32cube.ide.mcu.externaltools.gnu-tools-for-stm32.9-2020-q2-update.win32_2.0.0.202105311346/tools/bin/../lib/gcc/arm-none-eabi/9.3.1/../../../../arm-none-eabi/lib/thumb/v7-m/nofp\libc_nano.a(lib_a-memcpy-stub.o)
                0x00000000080049fc                memcpy
 .text.memmove  0x0000000008004a18       0x34 c:/d/appications/stm/stm32cubeide_1.7.0/stm32cubeide/plugins/com.st.stm32cube.ide.mcu.externaltools.gnu-tools-for-stm32.9-2020-q2-update.win32_2.0.0.202105311346/tools/bin/../lib/gcc/arm-none-eabi/9.3.1/../../../../arm-none-eabi/lib/thumb/v7-m/nofp\libc_nano.a(lib_a-memmove.o)
                0x0000000008004a18                memmove
 .text._free_r  0x0000000008004a4c       0x98 c:/d/appications/stm/stm32cubeide_1.7.0/stm32cubeide/plugins/com.st.stm32cube.ide.mcu.externaltools.gnu-tools-for-stm32.9-2020-q2-update.win32_2.0.0.202105311346/tools/bin/../lib/gcc/arm-none-eabi/9.3.1/../../../../arm-none-eabi/lib/thumb/v7-m/nofp\libc_nano.a(lib_a-nano-freer.o)
                0x0000000008004a4c                _free_r
 .text._malloc_r
                0x0000000008004ae4       0xb4 c:/d/appications/stm/stm32cubeide_1.7.0/stm32cubeide/plugins/com.st.stm32cube.ide.mcu.externaltools.gnu-tools-for-stm32.9-2020-q2-update.win32_2.0.0.202105311346/tools/bin/../lib/gcc/arm-none-eabi/9.3.1/../../../../arm-none-eabi/lib/thumb/v7-m/nofp\libc_nano.a(lib_a-nano-mallocr.o)
                0x0000000008004ae4                _malloc_r
 .text._realloc_r
                0x0000000008004b98       0x4c c:/d/appications/stm/stm32cubeide_1.7.0/stm32cubeide/plugins/com.st.stm32cube.ide.mcu.externaltools.gnu-tools-for-stm32.9-2020-q2-update.win32_2.0.0.202105311346/tools/bin/../lib/gcc/arm-none-eabi/9.3.1/../../../../arm-none-eabi/lib/thumb/v7-m/nofp\libc_nano.a(lib_a-nano-reallocr.o)
                0x0000000008004b98                _realloc_r
 .text._sbrk_r  0x0000000008004be4       0x20 c:/d/appications/stm/stm32cubeide_1.7.0/stm32cubeide/plugins/com.st.stm32cube.ide.mcu.externaltools.gnu-tools-for-stm32.9-2020-q2-update.win32_2.0.0.202105311346/tools/bin/../lib/gcc/arm-none-eabi/9.3.1/../../../../arm-none-eabi/lib/thumb/v7-m/nofp\libc_nano.a(lib_a-sbrkr.o)
                0x0000000008004be4                _sbrk_r
 .text.__malloc_lock
                0x0000000008004c04        0xc c:/d/appications/stm/stm32cubeide_1.7.0/stm32cubeide/plugins/com.st.stm32cube.ide.mcu.externaltools.gnu-tools-for-stm32.9-2020-q2-update.win32_2.0.0.202105311346/tools/bin/../lib/gcc/arm-none-eabi/9.3.1/../../../../arm-none-eabi/lib/thumb/v7-m/nofp\libc_nano.a(lib_a-mlock.o)
                0x0000000008004c04                __malloc_lock
 .text.__malloc_unlock
                0x0000000008004c10        0xc c:/d/appications/stm/stm32cubeide_1.7.0/stm32cubeide/plugins/com.st.stm32cube.ide.mcu.externaltools.gnu-tools-for-stm32.9-2020-q2-update.win32_2.0.0.202105311346/tools/bin/../lib/gcc/arm-none-eabi/9.3.1/../../../../arm-none-eabi/lib/thumb/v7-m/nofp\libc_nano.a(lib_a-mlock.o)
                0x0000000008004c10                __malloc_unlock
 .text._malloc_usable_size_r
                0x0000000008004c1c       0x10 c:/d/appications/stm/stm32cubeide_1.7.0/stm32cubeide/plugins/com.st.stm32cube.ide.mcu.externaltools.gnu-tools-for-stm32.9-2020-q2-update.win32_2.0.0.202105311346/tools/bin/../lib/gcc/arm-none-eabi/9.3.1/../../../../arm-none-eabi/lib/thumb/v7-m/nofp\libc_nano.a(lib_a-nano-msizer.o)
                0x0000000008004c1c                _malloc_usable_size_r
 .text.__retarget_lock_acquire_recursive
                0x0000000008004c2c        0x2 c:/d/appications/stm/stm32cubeide_1.7.0/stm32cubeide/plugins/com.st.stm32cube.ide.mcu.externaltools.gnu-tools-for-stm32.9-2020-q2-update.win32_2.0.0.202105311346/tools/bin/../lib/gcc/arm-none-eabi/9.3.1/../../../../arm-none-eabi/lib/thumb/v7-m/nofp\libc_nano.a(lib_a-lock.o)
                0x0000000008004c2c                __retarget_lock_acquire_recursive
 .text.__retarget_lock_release_recursive
                0x0000000008004c2e        0x2 c:/d/appications/stm/stm32cubeide_1.7.0/stm32cubeide/plugins/com.st.stm32cube.ide.mcu.externaltools.gnu-tools-for-stm32.9-2020-q2-update.win32_2.0.0.202105311346/tools/bin/../lib/gcc/arm-none-eabi/9.3.1/../../../../arm-none-eabi/lib/thumb/v7-m/nofp\libc_nano.a(lib_a-lock.o)
                0x0000000008004c2e                __retarget_lock_release_recursive
 *(.glue_7)
 .glue_7        0x0000000008004c30        0x0 linker stubs
 *(.glue_7t)
 .glue_7t       0x0000000008004c30        0x0 linker stubs
 *(.eh_frame)
 .eh_frame      0x0000000008004c30        0x0 c:/d/appications/stm/stm32cubeide_1.7.0/stm32cubeide/plugins/com.st.stm32cube.ide.mcu.externaltools.gnu-tools-for-stm32.9-2020-q2-update.win32_2.0.0.202105311346/tools/bin/../lib/gcc/arm-none-eabi/9.3.1/thumb/v7-m/nofp/crtbegin.o
 *(.init)
 .init          0x0000000008004c30        0x4 c:/d/appications/stm/stm32cubeide_1.7.0/stm32cubeide/plugins/com.st.stm32cube.ide.mcu.externaltools.gnu-tools-for-stm32.9-2020-q2-update.win32_2.0.0.202105311346/tools/bin/../lib/gcc/arm-none-eabi/9.3.1/thumb/v7-m/nofp/crti.o
                0x0000000008004c30                _init
 .init          0x0000000008004c34        0x8 c:/d/appications/stm/stm32cubeide_1.7.0/stm32cubeide/plugins/com.st.stm32cube.ide.mcu.externaltools.gnu-tools-for-stm32.9-2020-q2-update.win32_2.0.0.202105311346/tools/bin/../lib/gcc/arm-none-eabi/9.3.1/thumb/v7-m/nofp/crtn.o
 *(.fini)
 .fini          0x0000000008004c3c        0x4 c:/d/appications/stm/stm32cubeide_1.7.0/stm32cubeide/plugins/com.st.stm32cube.ide.mcu.externaltools.gnu-tools-for-stm32.9-2020-q2-update.win32_2.0.0.202105311346/tools/bin/../lib/gcc/arm-none-eabi/9.3.1/thumb/v7-m/nofp/crti.o
                0x0000000008004c3c                _fini
 .fini          0x0000000008004c40        0x8 c:/d/appications/stm/stm32cubeide_1.7.0/stm32cubeide/plugins/com.st.stm32cube.ide.mcu.externaltools.gnu-tools-for-stm32.9-2020-q2-update.win32_2.0.0.202105311346/tools/bin/../lib/gcc/arm-none-eabi/9.3.1/thumb/v7-m/nofp/crtn.o
                0x0000000008004c48                . = ALIGN (0x4)
                0x0000000008004c48                _etext = .

.vfp11_veneer   0x0000000008004c48        0x0
 .vfp11_veneer  0x0000000008004c48        0x0 linker stubs

.v4_bx          0x0000000008004c48        0x0
 .v4_bx         0x0000000008004c48        0x0 linker stubs

.iplt           0x0000000008004c48        0x0
 .iplt          0x0000000008004c48        0x0 c:/d/appications/stm/stm32cubeide_1.7.0/stm32cubeide/plugins/com.st.stm32cube.ide.mcu.externaltools.gnu-tools-for-stm32.9-2020-q2-update.win32_2.0.0.202105311346/tools/bin/../lib/gcc/arm-none-eabi/9.3.1/thumb/v7-m/nofp/crtbegin.o

.rodata         0x0000000008004c48       0x68
                0x0000000008004c48                . = ALIGN (0x4)
 *(.rodata)
 .rodata        0x0000000008004c48        0xc ./Core/Src/traffic.o
 .rodata        0x0000000008004c54       0x10 ./Drivers/STM32F1xx_HAL_Driver/Src/stm32f1xx_hal_rcc.o
 *(.rodata*)
 .rodata.AHBPrescTable
                0x0000000008004c64       0x10 ./Core/Src/system_stm32f1xx.o
                0x0000000008004c64                AHBPrescTable
 .rodata.APBPrescTable
                0x0000000008004c74        0x8 ./Core/Src/system_stm32f1xx.o
                0x0000000008004c74                APBPrescTable
 .rodata._svfprintf_r.str1.1
                0x0000000008004c7c       0x11 c:/d/appications/stm/stm32cubeide_1.7.0/stm32cubeide/plugins/com.st.stm32cube.ide.mcu.externaltools.gnu-tools-for-stm32.9-2020-q2-update.win32_2.0.0.202105311346/tools/bin/../lib/gcc/arm-none-eabi/9.3.1/../../../../arm-none-eabi/lib/thumb/v7-m/nofp\libc_nano.a(lib_a-nano-svfprintf.o)
 .rodata._printf_i.str1.1
                0x0000000008004c8d       0x22 c:/d/appications/stm/stm32cubeide_1.7.0/stm32cubeide/plugins/com.st.stm32cube.ide.mcu.externaltools.gnu-tools-for-stm32.9-2020-q2-update.win32_2.0.0.202105311346/tools/bin/../lib/gcc/arm-none-eabi/9.3.1/../../../../arm-none-eabi/lib/thumb/v7-m/nofp\libc_nano.a(lib_a-nano-vfprintf_i.o)
                0x0000000008004cb0                . = ALIGN (0x4)
 *fill*         0x0000000008004caf        0x1 

.rel.dyn        0x0000000008004cb0        0x0
 .rel.iplt      0x0000000008004cb0        0x0 c:/d/appications/stm/stm32cubeide_1.7.0/stm32cubeide/plugins/com.st.stm32cube.ide.mcu.externaltools.gnu-tools-for-stm32.9-2020-q2-update.win32_2.0.0.202105311346/tools/bin/../lib/gcc/arm-none-eabi/9.3.1/thumb/v7-m/nofp/crtbegin.o

.ARM.extab      0x0000000008004cb0        0x0
                0x0000000008004cb0                . = ALIGN (0x4)
 *(.ARM.extab* .gnu.linkonce.armextab.*)
                0x0000000008004cb0                . = ALIGN (0x4)

.ARM            0x0000000008004cb0        0x0
                0x0000000008004cb0                . = ALIGN (0x4)
                0x0000000008004cb0                __exidx_start = .
 *(.ARM.exidx*)
                0x0000000008004cb0                __exidx_end = .
                0x0000000008004cb0                . = ALIGN (0x4)

.preinit_array  0x0000000008004cb0        0x0
                0x0000000008004cb0                . = ALIGN (0x4)
                0x0000000008004cb0                PROVIDE (__preinit_array_start = .)
 *(.preinit_array*)
                0x0000000008004cb0                PROVIDE (__preinit_array_end = .)
                0x0000000008004cb0                . = ALIGN (0x4)

.init_array     0x0000000008004cb0        0x4
                0x0000000008004cb0                . = ALIGN (0x4)
                0x0000000008004cb0                PROVIDE (__init_array_start = .)
 *(SORT_BY_NAME(.init_array.*))
 *(.init_array*)
 .init_array    0x0000000008004cb0        0x4 c:/d/appications/stm/stm32cubeide_1.7.0/stm32cubeide/plugins/com.st.stm32cube.ide.mcu.externaltools.gnu-tools-for-stm32.9-2020-q2-update.win32_2.0.0.202105311346/tools/bin/../lib/gcc/arm-none-eabi/9.3.1/thumb/v7-m/nofp/crtbegin.o
                0x0000000008004cb4                PROVIDE (__init_array_end = .)
                0x0000000008004cb4                . = ALIGN (0x4)

.fini_array     0x0000000008004cb4        0x4
                0x0000000008004cb4                . = ALIGN (0x4)
                [!provide]                        PROVIDE (__fini_array_start = .)
 *(SORT_BY_NAME(.fini_array.*))
 *(.fini_array*)
 .fini_array    0x0000000008004cb4        0x4 c:/d/appications/stm/stm32cubeide_1.7.0/stm32cubeide/plugins/com.st.stm32cube.ide.mcu.externaltools.gnu-tools-for-stm32.9-2020-q2-update.win32_2.0.0.202105311346/tools/bin/../lib/gcc/arm-none-eabi/9.3.1/thumb/v7-m/nofp/crtbegin.o
                [!provide]                        PROVIDE (__fini_array_end = .)
                0x0000000008004cb8                . = ALIGN (0x4)
                0x0000000008004cb8                _sidata = LOADADDR (.data)

.data           0x0000000020000000       0x98 load address 0x0000000008004cb8
                0x0000000020000000                . = ALIGN (0x4)
                0x0000000020000000                _sdata = .
 *(.data)
 *(.data*)
 .data.button_state
                0x0000000020000000       0x10 ./Core/Src/button.o
 .data.max_red1
                0x0000000020000010        0x4 ./Core/Src/global.o
                0x0000000020000010                max_red1
 .data.max_green1
                0x0000000020000014        0x4 ./Core/Src/global.o
                0x0000000020000014                max_green1
 .data.max_yellow1
                0x0000000020000018        0x4 ./Core/Src/global.o
                0x0000000020000018                max_yellow1
 .data.max_red2
                0x000000002000001c        0x4 ./Core/Src/global.o
                0x000000002000001c                max_red2
 .data.max_green2
                0x0000000020000020        0x4 ./Core/Src/global.o
                0x0000000020000020                max_green2
 .data.max_yellow2
                0x0000000020000024        0x4 ./Core/Src/global.o
                0x0000000020000024                max_yellow2
 .data.SystemCoreClock
                0x0000000020000028        0x4 ./Core/Src/system_stm32f1xx.o
                0x0000000020000028                SystemCoreClock
 .data.uwTickPrio
                0x000000002000002c        0x4 ./Drivers/STM32F1xx_HAL_Driver/Src/stm32f1xx_hal.o
                0x000000002000002c                uwTickPrio
 .data.uwTickFreq
                0x0000000020000030        0x1 ./Drivers/STM32F1xx_HAL_Driver/Src/stm32f1xx_hal.o
                0x0000000020000030                uwTickFreq
 *fill*         0x0000000020000031        0x3 
 .data._impure_ptr
                0x0000000020000034        0x4 c:/d/appications/stm/stm32cubeide_1.7.0/stm32cubeide/plugins/com.st.stm32cube.ide.mcu.externaltools.gnu-tools-for-stm32.9-2020-q2-update.win32_2.0.0.202105311346/tools/bin/../lib/gcc/arm-none-eabi/9.3.1/../../../../arm-none-eabi/lib/thumb/v7-m/nofp\libc_nano.a(lib_a-impure.o)
                0x0000000020000034                _impure_ptr
 .data.impure_data
                0x0000000020000038       0x60 c:/d/appications/stm/stm32cubeide_1.7.0/stm32cubeide/plugins/com.st.stm32cube.ide.mcu.externaltools.gnu-tools-for-stm32.9-2020-q2-update.win32_2.0.0.202105311346/tools/bin/../lib/gcc/arm-none-eabi/9.3.1/../../../../arm-none-eabi/lib/thumb/v7-m/nofp\libc_nano.a(lib_a-impure.o)
 *(.RamFunc)
 *(.RamFunc*)
                0x0000000020000098                . = ALIGN (0x4)
                0x0000000020000098                _edata = .

.igot.plt       0x0000000020000098        0x0 load address 0x0000000008004d50
 .igot.plt      0x0000000020000098        0x0 c:/d/appications/stm/stm32cubeide_1.7.0/stm32cubeide/plugins/com.st.stm32cube.ide.mcu.externaltools.gnu-tools-for-stm32.9-2020-q2-update.win32_2.0.0.202105311346/tools/bin/../lib/gcc/arm-none-eabi/9.3.1/thumb/v7-m/nofp/crtbegin.o
                0x0000000020000098                . = ALIGN (0x4)

.bss            0x0000000020000098      0x4c4 load address 0x0000000008004d50
                0x0000000020000098                _sbss = .
                0x0000000020000098                __bss_start__ = _sbss
 *(.bss)
 .bss           0x0000000020000098       0x1c c:/d/appications/stm/stm32cubeide_1.7.0/stm32cubeide/plugins/com.st.stm32cube.ide.mcu.externaltools.gnu-tools-for-stm32.9-2020-q2-update.win32_2.0.0.202105311346/tools/bin/../lib/gcc/arm-none-eabi/9.3.1/thumb/v7-m/nofp/crtbegin.o
 *(.bss*)
 .bss.button_buffer
                0x00000000200000b4       0x10 ./Core/Src/button.o
 .bss.debounce_buffer1
                0x00000000200000c4       0x10 ./Core/Src/button.o
 .bss.debounce_buffer2
                0x00000000200000d4       0x10 ./Core/Src/button.o
 .bss.debounce_buffer3
                0x00000000200000e4       0x10 ./Core/Src/button.o
 .bss.counter_for_button_pressed
                0x00000000200000f4       0x10 ./Core/Src/button.o
 .bss.button_flag
                0x0000000020000104       0x10 ./Core/Src/button.o
 .bss.PWM       0x0000000020000114        0x4 ./Core/Src/fsm_pedestrian.o
                0x0000000020000114                PWM
 .bss.status    0x0000000020000118        0x4 ./Core/Src/global.o
                0x0000000020000118                status
 .bss.pedestrianStatus
                0x000000002000011c        0x4 ./Core/Src/global.o
                0x000000002000011c                pedestrianStatus
 .bss.counter   0x0000000020000120        0x4 ./Core/Src/global.o
                0x0000000020000120                counter
 .bss.str       0x0000000020000124        0x9 ./Core/Src/global.o
                0x0000000020000124                str
 *fill*         0x000000002000012d        0x3 
 .bss.__sbrk_heap_end
                0x0000000020000130        0x4 ./Core/Src/sysmem.o
 .bss.timer1_flag
                0x0000000020000134        0x4 ./Core/Src/timer.o
                0x0000000020000134                timer1_flag
 .bss.timer2_flag
                0x0000000020000138        0x4 ./Core/Src/timer.o
                0x0000000020000138                timer2_flag
 .bss.timer3_flag
                0x000000002000013c        0x4 ./Core/Src/timer.o
                0x000000002000013c                timer3_flag
 .bss.timer1_counter
                0x0000000020000140        0x4 ./Core/Src/timer.o
                0x0000000020000140                timer1_counter
 .bss.timer2_counter
                0x0000000020000144        0x4 ./Core/Src/timer.o
                0x0000000020000144                timer2_counter
 .bss.timer3_counter
                0x0000000020000148        0x4 ./Core/Src/timer.o
                0x0000000020000148                timer3_counter
 .bss.__malloc_free_list
                0x000000002000014c        0x4 c:/d/appications/stm/stm32cubeide_1.7.0/stm32cubeide/plugins/com.st.stm32cube.ide.mcu.externaltools.gnu-tools-for-stm32.9-2020-q2-update.win32_2.0.0.202105311346/tools/bin/../lib/gcc/arm-none-eabi/9.3.1/../../../../arm-none-eabi/lib/thumb/v7-m/nofp\libc_nano.a(lib_a-nano-mallocr.o)
                0x000000002000014c                __malloc_free_list
 .bss.__malloc_sbrk_start
                0x0000000020000150        0x4 c:/d/appications/stm/stm32cubeide_1.7.0/stm32cubeide/plugins/com.st.stm32cube.ide.mcu.externaltools.gnu-tools-for-stm32.9-2020-q2-update.win32_2.0.0.202105311346/tools/bin/../lib/gcc/arm-none-eabi/9.3.1/../../../../arm-none-eabi/lib/thumb/v7-m/nofp\libc_nano.a(lib_a-nano-mallocr.o)
                0x0000000020000150                __malloc_sbrk_start
 *(COMMON)
 COMMON         0x0000000020000154       0xd4 ./Core/Src/button.o
                0x0000000020000154                htim3
                0x000000002000019c                htim2
                0x00000000200001e4                huart2
 COMMON         0x0000000020000228      0x320 ./Core/Src/scheduler.o
                0x0000000020000228                SCH_tasks_G
 COMMON         0x0000000020000548        0x4 ./Drivers/STM32F1xx_HAL_Driver/Src/stm32f1xx_hal.o
                0x0000000020000548                uwTick
 COMMON         0x000000002000054c        0x4 c:/d/appications/stm/stm32cubeide_1.7.0/stm32cubeide/plugins/com.st.stm32cube.ide.mcu.externaltools.gnu-tools-for-stm32.9-2020-q2-update.win32_2.0.0.202105311346/tools/bin/../lib/gcc/arm-none-eabi/9.3.1/../../../../arm-none-eabi/lib/thumb/v7-m/nofp\libc_nano.a(lib_a-reent.o)
                0x000000002000054c                errno
 COMMON         0x0000000020000550        0x9 c:/d/appications/stm/stm32cubeide_1.7.0/stm32cubeide/plugins/com.st.stm32cube.ide.mcu.externaltools.gnu-tools-for-stm32.9-2020-q2-update.win32_2.0.0.202105311346/tools/bin/../lib/gcc/arm-none-eabi/9.3.1/../../../../arm-none-eabi/lib/thumb/v7-m/nofp\libc_nano.a(lib_a-lock.o)
                0x0000000020000550                __lock___atexit_recursive_mutex
                0x0000000020000551                __lock___arc4random_mutex
                0x0000000020000552                __lock___env_recursive_mutex
                0x0000000020000553                __lock___sinit_recursive_mutex
                0x0000000020000554                __lock___malloc_recursive_mutex
                0x0000000020000555                __lock___at_quick_exit_mutex
                0x0000000020000556                __lock___dd_hash_mutex
                0x0000000020000557                __lock___tz_mutex
                0x0000000020000558                __lock___sfp_recursive_mutex
                0x000000002000055c                . = ALIGN (0x4)
 *fill*         0x0000000020000559        0x3 
                0x000000002000055c                _ebss = .
                0x000000002000055c                __bss_end__ = _ebss

._user_heap_stack
                0x000000002000055c      0x604 load address 0x0000000008004d50
                0x0000000020000560                . = ALIGN (0x8)
 *fill*         0x000000002000055c        0x4 
                [!provide]                        PROVIDE (end = .)
                0x0000000020000560                PROVIDE (_end = .)
                0x0000000020000760                . = (. + _Min_Heap_Size)
 *fill*         0x0000000020000560      0x200 
                0x0000000020000b60                . = (. + _Min_Stack_Size)
 *fill*         0x0000000020000760      0x400 
                0x0000000020000b60                . = ALIGN (0x8)

/DISCARD/
 libc.a(*)
 libm.a(*)
 libgcc.a(*)

.ARM.attributes
                0x0000000000000000       0x29
 *(.ARM.attributes)
 .ARM.attributes
                0x0000000000000000       0x1d c:/d/appications/stm/stm32cubeide_1.7.0/stm32cubeide/plugins/com.st.stm32cube.ide.mcu.externaltools.gnu-tools-for-stm32.9-2020-q2-update.win32_2.0.0.202105311346/tools/bin/../lib/gcc/arm-none-eabi/9.3.1/thumb/v7-m/nofp/crti.o
 .ARM.attributes
                0x000000000000001d       0x2d c:/d/appications/stm/stm32cubeide_1.7.0/stm32cubeide/plugins/com.st.stm32cube.ide.mcu.externaltools.gnu-tools-for-stm32.9-2020-q2-update.win32_2.0.0.202105311346/tools/bin/../lib/gcc/arm-none-eabi/9.3.1/thumb/v7-m/nofp/crtbegin.o
 .ARM.attributes
                0x000000000000004a       0x2d ./Core/Src/button.o
 .ARM.attributes
                0x0000000000000077       0x2d ./Core/Src/fsm_auto.o
 .ARM.attributes
                0x00000000000000a4       0x2d ./Core/Src/fsm_manual.o
 .ARM.attributes
                0x00000000000000d1       0x2d ./Core/Src/fsm_pedestrian.o
 .ARM.attributes
                0x00000000000000fe       0x2d ./Core/Src/fsm_tuning.o
 .ARM.attributes
                0x000000000000012b       0x33 ./Core/Src/global.o
 .ARM.attributes
                0x000000000000015e       0x2d ./Core/Src/main.o
 .ARM.attributes
                0x000000000000018b       0x2d ./Core/Src/scheduler.o
 .ARM.attributes
                0x00000000000001b8       0x2d ./Core/Src/stm32f1xx_hal_msp.o
 .ARM.attributes
                0x00000000000001e5       0x2d ./Core/Src/stm32f1xx_it.o
 .ARM.attributes
                0x0000000000000212       0x2d ./Core/Src/sysmem.o
 .ARM.attributes
                0x000000000000023f       0x2d ./Core/Src/system_stm32f1xx.o
 .ARM.attributes
                0x000000000000026c       0x2d ./Core/Src/timer.o
 .ARM.attributes
                0x0000000000000299       0x2d ./Core/Src/traffic.o
 .ARM.attributes
                0x00000000000002c6       0x21 ./Core/Startup/startup_stm32f103rbtx.o
 .ARM.attributes
                0x00000000000002e7       0x2d ./Drivers/STM32F1xx_HAL_Driver/Src/stm32f1xx_hal.o
 .ARM.attributes
                0x0000000000000314       0x2d ./Drivers/STM32F1xx_HAL_Driver/Src/stm32f1xx_hal_cortex.o
 .ARM.attributes
                0x0000000000000341       0x2d ./Drivers/STM32F1xx_HAL_Driver/Src/stm32f1xx_hal_dma.o
 .ARM.attributes
                0x000000000000036e       0x2d ./Drivers/STM32F1xx_HAL_Driver/Src/stm32f1xx_hal_gpio.o
 .ARM.attributes
                0x000000000000039b       0x2d ./Drivers/STM32F1xx_HAL_Driver/Src/stm32f1xx_hal_rcc.o
 .ARM.attributes
                0x00000000000003c8       0x2d ./Drivers/STM32F1xx_HAL_Driver/Src/stm32f1xx_hal_tim.o
 .ARM.attributes
                0x00000000000003f5       0x2d ./Drivers/STM32F1xx_HAL_Driver/Src/stm32f1xx_hal_tim_ex.o
 .ARM.attributes
                0x0000000000000422       0x2d ./Drivers/STM32F1xx_HAL_Driver/Src/stm32f1xx_hal_uart.o
 .ARM.attributes
                0x000000000000044f       0x2d c:/d/appications/stm/stm32cubeide_1.7.0/stm32cubeide/plugins/com.st.stm32cube.ide.mcu.externaltools.gnu-tools-for-stm32.9-2020-q2-update.win32_2.0.0.202105311346/tools/bin/../lib/gcc/arm-none-eabi/9.3.1/../../../../arm-none-eabi/lib/thumb/v7-m/nofp\libc_nano.a(lib_a-errno.o)
 .ARM.attributes
                0x000000000000047c       0x2d c:/d/appications/stm/stm32cubeide_1.7.0/stm32cubeide/plugins/com.st.stm32cube.ide.mcu.externaltools.gnu-tools-for-stm32.9-2020-q2-update.win32_2.0.0.202105311346/tools/bin/../lib/gcc/arm-none-eabi/9.3.1/../../../../arm-none-eabi/lib/thumb/v7-m/nofp\libc_nano.a(lib_a-impure.o)
 .ARM.attributes
                0x00000000000004a9       0x2d c:/d/appications/stm/stm32cubeide_1.7.0/stm32cubeide/plugins/com.st.stm32cube.ide.mcu.externaltools.gnu-tools-for-stm32.9-2020-q2-update.win32_2.0.0.202105311346/tools/bin/../lib/gcc/arm-none-eabi/9.3.1/../../../../arm-none-eabi/lib/thumb/v7-m/nofp\libc_nano.a(lib_a-init.o)
 .ARM.attributes
                0x00000000000004d6       0x2d c:/d/appications/stm/stm32cubeide_1.7.0/stm32cubeide/plugins/com.st.stm32cube.ide.mcu.externaltools.gnu-tools-for-stm32.9-2020-q2-update.win32_2.0.0.202105311346/tools/bin/../lib/gcc/arm-none-eabi/9.3.1/../../../../arm-none-eabi/lib/thumb/v7-m/nofp\libc_nano.a(lib_a-memset.o)
 .ARM.attributes
                0x0000000000000503       0x2d c:/d/appications/stm/stm32cubeide_1.7.0/stm32cubeide/plugins/com.st.stm32cube.ide.mcu.externaltools.gnu-tools-for-stm32.9-2020-q2-update.win32_2.0.0.202105311346/tools/bin/../lib/gcc/arm-none-eabi/9.3.1/../../../../arm-none-eabi/lib/thumb/v7-m/nofp\libc_nano.a(lib_a-sprintf.o)
 .ARM.attributes
                0x0000000000000530       0x2d c:/d/appications/stm/stm32cubeide_1.7.0/stm32cubeide/plugins/com.st.stm32cube.ide.mcu.externaltools.gnu-tools-for-stm32.9-2020-q2-update.win32_2.0.0.202105311346/tools/bin/../lib/gcc/arm-none-eabi/9.3.1/../../../../arm-none-eabi/lib/thumb/v7-m/nofp\libc_nano.a(lib_a-nano-svfprintf.o)
 .ARM.attributes
                0x000000000000055d       0x2d c:/d/appications/stm/stm32cubeide_1.7.0/stm32cubeide/plugins/com.st.stm32cube.ide.mcu.externaltools.gnu-tools-for-stm32.9-2020-q2-update.win32_2.0.0.202105311346/tools/bin/../lib/gcc/arm-none-eabi/9.3.1/../../../../arm-none-eabi/lib/thumb/v7-m/nofp\libc_nano.a(lib_a-nano-vfprintf_i.o)
 .ARM.attributes
                0x000000000000058a       0x2d c:/d/appications/stm/stm32cubeide_1.7.0/stm32cubeide/plugins/com.st.stm32cube.ide.mcu.externaltools.gnu-tools-for-stm32.9-2020-q2-update.win32_2.0.0.202105311346/tools/bin/../lib/gcc/arm-none-eabi/9.3.1/../../../../arm-none-eabi/lib/thumb/v7-m/nofp\libc_nano.a(lib_a-memchr-stub.o)
 .ARM.attributes
                0x00000000000005b7       0x2d c:/d/appications/stm/stm32cubeide_1.7.0/stm32cubeide/plugins/com.st.stm32cube.ide.mcu.externaltools.gnu-tools-for-stm32.9-2020-q2-update.win32_2.0.0.202105311346/tools/bin/../lib/gcc/arm-none-eabi/9.3.1/../../../../arm-none-eabi/lib/thumb/v7-m/nofp\libc_nano.a(lib_a-memcpy-stub.o)
 .ARM.attributes
                0x00000000000005e4       0x2d c:/d/appications/stm/stm32cubeide_1.7.0/stm32cubeide/plugins/com.st.stm32cube.ide.mcu.externaltools.gnu-tools-for-stm32.9-2020-q2-update.win32_2.0.0.202105311346/tools/bin/../lib/gcc/arm-none-eabi/9.3.1/../../../../arm-none-eabi/lib/thumb/v7-m/nofp\libc_nano.a(lib_a-memmove.o)
 .ARM.attributes
                0x0000000000000611       0x2d c:/d/appications/stm/stm32cubeide_1.7.0/stm32cubeide/plugins/com.st.stm32cube.ide.mcu.externaltools.gnu-tools-for-stm32.9-2020-q2-update.win32_2.0.0.202105311346/tools/bin/../lib/gcc/arm-none-eabi/9.3.1/../../../../arm-none-eabi/lib/thumb/v7-m/nofp\libc_nano.a(lib_a-nano-freer.o)
 .ARM.attributes
                0x000000000000063e       0x2d c:/d/appications/stm/stm32cubeide_1.7.0/stm32cubeide/plugins/com.st.stm32cube.ide.mcu.externaltools.gnu-tools-for-stm32.9-2020-q2-update.win32_2.0.0.202105311346/tools/bin/../lib/gcc/arm-none-eabi/9.3.1/../../../../arm-none-eabi/lib/thumb/v7-m/nofp\libc_nano.a(lib_a-nano-mallocr.o)
 .ARM.attributes
                0x000000000000066b       0x2d c:/d/appications/stm/stm32cubeide_1.7.0/stm32cubeide/plugins/com.st.stm32cube.ide.mcu.externaltools.gnu-tools-for-stm32.9-2020-q2-update.win32_2.0.0.202105311346/tools/bin/../lib/gcc/arm-none-eabi/9.3.1/../../../../arm-none-eabi/lib/thumb/v7-m/nofp\libc_nano.a(lib_a-nano-reallocr.o)
 .ARM.attributes
                0x0000000000000698       0x2d c:/d/appications/stm/stm32cubeide_1.7.0/stm32cubeide/plugins/com.st.stm32cube.ide.mcu.externaltools.gnu-tools-for-stm32.9-2020-q2-update.win32_2.0.0.202105311346/tools/bin/../lib/gcc/arm-none-eabi/9.3.1/../../../../arm-none-eabi/lib/thumb/v7-m/nofp\libc_nano.a(lib_a-sbrkr.o)
 .ARM.attributes
                0x00000000000006c5       0x2d c:/d/appications/stm/stm32cubeide_1.7.0/stm32cubeide/plugins/com.st.stm32cube.ide.mcu.externaltools.gnu-tools-for-stm32.9-2020-q2-update.win32_2.0.0.202105311346/tools/bin/../lib/gcc/arm-none-eabi/9.3.1/../../../../arm-none-eabi/lib/thumb/v7-m/nofp\libc_nano.a(lib_a-mlock.o)
 .ARM.attributes
                0x00000000000006f2       0x2d c:/d/appications/stm/stm32cubeide_1.7.0/stm32cubeide/plugins/com.st.stm32cube.ide.mcu.externaltools.gnu-tools-for-stm32.9-2020-q2-update.win32_2.0.0.202105311346/tools/bin/../lib/gcc/arm-none-eabi/9.3.1/../../../../arm-none-eabi/lib/thumb/v7-m/nofp\libc_nano.a(lib_a-nano-msizer.o)
 .ARM.attributes
                0x000000000000071f       0x2d c:/d/appications/stm/stm32cubeide_1.7.0/stm32cubeide/plugins/com.st.stm32cube.ide.mcu.externaltools.gnu-tools-for-stm32.9-2020-q2-update.win32_2.0.0.202105311346/tools/bin/../lib/gcc/arm-none-eabi/9.3.1/../../../../arm-none-eabi/lib/thumb/v7-m/nofp\libc_nano.a(lib_a-reent.o)
 .ARM.attributes
                0x000000000000074c       0x2d c:/d/appications/stm/stm32cubeide_1.7.0/stm32cubeide/plugins/com.st.stm32cube.ide.mcu.externaltools.gnu-tools-for-stm32.9-2020-q2-update.win32_2.0.0.202105311346/tools/bin/../lib/gcc/arm-none-eabi/9.3.1/../../../../arm-none-eabi/lib/thumb/v7-m/nofp\libc_nano.a(lib_a-lock.o)
 .ARM.attributes
                0x0000000000000779       0x1d c:/d/appications/stm/stm32cubeide_1.7.0/stm32cubeide/plugins/com.st.stm32cube.ide.mcu.externaltools.gnu-tools-for-stm32.9-2020-q2-update.win32_2.0.0.202105311346/tools/bin/../lib/gcc/arm-none-eabi/9.3.1/thumb/v7-m/nofp/crtn.o
OUTPUT(Mini_Project.elf elf32-littlearm)
LOAD linker stubs
LOAD c:/d/appications/stm/stm32cubeide_1.7.0/stm32cubeide/plugins/com.st.stm32cube.ide.mcu.externaltools.gnu-tools-for-stm32.9-2020-q2-update.win32_2.0.0.202105311346/tools/bin/../lib/gcc/arm-none-eabi/9.3.1/../../../../arm-none-eabi/lib/thumb/v7-m/nofp\libc.a
LOAD c:/d/appications/stm/stm32cubeide_1.7.0/stm32cubeide/plugins/com.st.stm32cube.ide.mcu.externaltools.gnu-tools-for-stm32.9-2020-q2-update.win32_2.0.0.202105311346/tools/bin/../lib/gcc/arm-none-eabi/9.3.1/../../../../arm-none-eabi/lib/thumb/v7-m/nofp\libm.a
LOAD c:/d/appications/stm/stm32cubeide_1.7.0/stm32cubeide/plugins/com.st.stm32cube.ide.mcu.externaltools.gnu-tools-for-stm32.9-2020-q2-update.win32_2.0.0.202105311346/tools/bin/../lib/gcc/arm-none-eabi/9.3.1/thumb/v7-m/nofp\libgcc.a

.debug_info     0x0000000000000000    0x17e55
 .debug_info    0x0000000000000000     0x13c0 ./Core/Src/button.o
 .debug_info    0x00000000000013c0     0x12eb ./Core/Src/fsm_auto.o
 .debug_info    0x00000000000026ab     0x12eb ./Core/Src/fsm_manual.o
 .debug_info    0x0000000000003996     0x12fd ./Core/Src/fsm_pedestrian.o
 .debug_info    0x0000000000004c93     0x12eb ./Core/Src/fsm_tuning.o
 .debug_info    0x0000000000005f7e     0x1379 ./Core/Src/global.o
 .debug_info    0x00000000000072f7     0x17fd ./Core/Src/main.o
 .debug_info    0x0000000000008af4     0x13cd ./Core/Src/scheduler.o
 .debug_info    0x0000000000009ec1     0x170e ./Core/Src/stm32f1xx_hal_msp.o
 .debug_info    0x000000000000b5cf     0x12e0 ./Core/Src/stm32f1xx_it.o
 .debug_info    0x000000000000c8af      0xa25 ./Core/Src/sysmem.o
 .debug_info    0x000000000000d2d4      0x2be ./Core/Src/system_stm32f1xx.o
 .debug_info    0x000000000000d592     0x134a ./Core/Src/timer.o
 .debug_info    0x000000000000e8dc     0x1530 ./Core/Src/traffic.o
 .debug_info    0x000000000000fe0c       0x22 ./Core/Startup/startup_stm32f103rbtx.o
 .debug_info    0x000000000000fe2e      0x76a ./Drivers/STM32F1xx_HAL_Driver/Src/stm32f1xx_hal.o
 .debug_info    0x0000000000010598      0xbdc ./Drivers/STM32F1xx_HAL_Driver/Src/stm32f1xx_hal_cortex.o
 .debug_info    0x0000000000011174      0x81e ./Drivers/STM32F1xx_HAL_Driver/Src/stm32f1xx_hal_dma.o
 .debug_info    0x0000000000011992      0x701 ./Drivers/STM32F1xx_HAL_Driver/Src/stm32f1xx_hal_gpio.o
 .debug_info    0x0000000000012093      0x88e ./Drivers/STM32F1xx_HAL_Driver/Src/stm32f1xx_hal_rcc.o
 .debug_info    0x0000000000012921     0x2a45 ./Drivers/STM32F1xx_HAL_Driver/Src/stm32f1xx_hal_tim.o
 .debug_info    0x0000000000015366     0x14d5 ./Drivers/STM32F1xx_HAL_Driver/Src/stm32f1xx_hal_tim_ex.o
 .debug_info    0x000000000001683b     0x161a ./Drivers/STM32F1xx_HAL_Driver/Src/stm32f1xx_hal_uart.o

.debug_abbrev   0x0000000000000000     0x30c4
 .debug_abbrev  0x0000000000000000      0x260 ./Core/Src/button.o
 .debug_abbrev  0x0000000000000260      0x202 ./Core/Src/fsm_auto.o
 .debug_abbrev  0x0000000000000462      0x202 ./Core/Src/fsm_manual.o
 .debug_abbrev  0x0000000000000664      0x215 ./Core/Src/fsm_pedestrian.o
 .debug_abbrev  0x0000000000000879      0x202 ./Core/Src/fsm_tuning.o
 .debug_abbrev  0x0000000000000a7b      0x1f5 ./Core/Src/global.o
 .debug_abbrev  0x0000000000000c70      0x2fa ./Core/Src/main.o
 .debug_abbrev  0x0000000000000f6a      0x2a4 ./Core/Src/scheduler.o
 .debug_abbrev  0x000000000000120e      0x247 ./Core/Src/stm32f1xx_hal_msp.o
 .debug_abbrev  0x0000000000001455      0x206 ./Core/Src/stm32f1xx_it.o
 .debug_abbrev  0x000000000000165b      0x1bf ./Core/Src/sysmem.o
 .debug_abbrev  0x000000000000181a      0x14e ./Core/Src/system_stm32f1xx.o
 .debug_abbrev  0x0000000000001968      0x25e ./Core/Src/timer.o
 .debug_abbrev  0x0000000000001bc6      0x21a ./Core/Src/traffic.o
 .debug_abbrev  0x0000000000001de0       0x12 ./Core/Startup/startup_stm32f103rbtx.o
 .debug_abbrev  0x0000000000001df2      0x1ed ./Drivers/STM32F1xx_HAL_Driver/Src/stm32f1xx_hal.o
 .debug_abbrev  0x0000000000001fdf      0x313 ./Drivers/STM32F1xx_HAL_Driver/Src/stm32f1xx_hal_cortex.o
 .debug_abbrev  0x00000000000022f2      0x228 ./Drivers/STM32F1xx_HAL_Driver/Src/stm32f1xx_hal_dma.o
 .debug_abbrev  0x000000000000251a      0x1e8 ./Drivers/STM32F1xx_HAL_Driver/Src/stm32f1xx_hal_gpio.o
 .debug_abbrev  0x0000000000002702      0x273 ./Drivers/STM32F1xx_HAL_Driver/Src/stm32f1xx_hal_rcc.o
 .debug_abbrev  0x0000000000002975      0x25e ./Drivers/STM32F1xx_HAL_Driver/Src/stm32f1xx_hal_tim.o
 .debug_abbrev  0x0000000000002bd3      0x266 ./Drivers/STM32F1xx_HAL_Driver/Src/stm32f1xx_hal_tim_ex.o
 .debug_abbrev  0x0000000000002e39      0x28b ./Drivers/STM32F1xx_HAL_Driver/Src/stm32f1xx_hal_uart.o

.debug_aranges  0x0000000000000000      0xe30
 .debug_aranges
                0x0000000000000000       0x30 ./Core/Src/button.o
 .debug_aranges
                0x0000000000000030       0x20 ./Core/Src/fsm_auto.o
 .debug_aranges
                0x0000000000000050       0x20 ./Core/Src/fsm_manual.o
 .debug_aranges
                0x0000000000000070       0x20 ./Core/Src/fsm_pedestrian.o
 .debug_aranges
                0x0000000000000090       0x20 ./Core/Src/fsm_tuning.o
 .debug_aranges
                0x00000000000000b0       0x18 ./Core/Src/global.o
 .debug_aranges
                0x00000000000000c8       0x58 ./Core/Src/main.o
 .debug_aranges
                0x0000000000000120       0x48 ./Core/Src/scheduler.o
 .debug_aranges
                0x0000000000000168       0x48 ./Core/Src/stm32f1xx_hal_msp.o
 .debug_aranges
                0x00000000000001b0       0x70 ./Core/Src/stm32f1xx_it.o
 .debug_aranges
                0x0000000000000220       0x20 ./Core/Src/sysmem.o
 .debug_aranges
                0x0000000000000240       0x28 ./Core/Src/system_stm32f1xx.o
 .debug_aranges
                0x0000000000000268       0x40 ./Core/Src/timer.o
 .debug_aranges
                0x00000000000002a8       0xe0 ./Core/Src/traffic.o
 .debug_aranges
                0x0000000000000388       0x28 ./Core/Startup/startup_stm32f103rbtx.o
 .debug_aranges
                0x00000000000003b0       0xe0 ./Drivers/STM32F1xx_HAL_Driver/Src/stm32f1xx_hal.o
 .debug_aranges
                0x0000000000000490      0x100 ./Drivers/STM32F1xx_HAL_Driver/Src/stm32f1xx_hal_cortex.o
 .debug_aranges
                0x0000000000000590       0x80 ./Drivers/STM32F1xx_HAL_Driver/Src/stm32f1xx_hal_dma.o
 .debug_aranges
                0x0000000000000610       0x58 ./Drivers/STM32F1xx_HAL_Driver/Src/stm32f1xx_hal_gpio.o
 .debug_aranges
                0x0000000000000668       0x90 ./Drivers/STM32F1xx_HAL_Driver/Src/stm32f1xx_hal_rcc.o
 .debug_aranges
                0x00000000000006f8      0x3d0 ./Drivers/STM32F1xx_HAL_Driver/Src/stm32f1xx_hal_tim.o
 .debug_aranges
                0x0000000000000ac8      0x168 ./Drivers/STM32F1xx_HAL_Driver/Src/stm32f1xx_hal_tim_ex.o
 .debug_aranges
                0x0000000000000c30      0x200 ./Drivers/STM32F1xx_HAL_Driver/Src/stm32f1xx_hal_uart.o

.debug_ranges   0x0000000000000000      0xcf0
 .debug_ranges  0x0000000000000000       0x20 ./Core/Src/button.o
 .debug_ranges  0x0000000000000020       0x10 ./Core/Src/fsm_auto.o
 .debug_ranges  0x0000000000000030       0x10 ./Core/Src/fsm_manual.o
 .debug_ranges  0x0000000000000040       0x10 ./Core/Src/fsm_pedestrian.o
 .debug_ranges  0x0000000000000050       0x10 ./Core/Src/fsm_tuning.o
 .debug_ranges  0x0000000000000060       0x48 ./Core/Src/main.o
 .debug_ranges  0x00000000000000a8       0x38 ./Core/Src/scheduler.o
 .debug_ranges  0x00000000000000e0       0x38 ./Core/Src/stm32f1xx_hal_msp.o
 .debug_ranges  0x0000000000000118       0x60 ./Core/Src/stm32f1xx_it.o
 .debug_ranges  0x0000000000000178       0x10 ./Core/Src/sysmem.o
 .debug_ranges  0x0000000000000188       0x18 ./Core/Src/system_stm32f1xx.o
 .debug_ranges  0x00000000000001a0       0x30 ./Core/Src/timer.o
 .debug_ranges  0x00000000000001d0       0xd0 ./Core/Src/traffic.o
 .debug_ranges  0x00000000000002a0       0x20 ./Core/Startup/startup_stm32f103rbtx.o
 .debug_ranges  0x00000000000002c0       0xd0 ./Drivers/STM32F1xx_HAL_Driver/Src/stm32f1xx_hal.o
 .debug_ranges  0x0000000000000390       0xf0 ./Drivers/STM32F1xx_HAL_Driver/Src/stm32f1xx_hal_cortex.o
 .debug_ranges  0x0000000000000480       0x70 ./Drivers/STM32F1xx_HAL_Driver/Src/stm32f1xx_hal_dma.o
 .debug_ranges  0x00000000000004f0       0x48 ./Drivers/STM32F1xx_HAL_Driver/Src/stm32f1xx_hal_gpio.o
 .debug_ranges  0x0000000000000538       0x80 ./Drivers/STM32F1xx_HAL_Driver/Src/stm32f1xx_hal_rcc.o
 .debug_ranges  0x00000000000005b8      0x3c0 ./Drivers/STM32F1xx_HAL_Driver/Src/stm32f1xx_hal_tim.o
 .debug_ranges  0x0000000000000978      0x158 ./Drivers/STM32F1xx_HAL_Driver/Src/stm32f1xx_hal_tim_ex.o
 .debug_ranges  0x0000000000000ad0      0x220 ./Drivers/STM32F1xx_HAL_Driver/Src/stm32f1xx_hal_uart.o

.debug_macro    0x0000000000000000    0x19d6c
 .debug_macro   0x0000000000000000      0x334 ./Core/Src/button.o
 .debug_macro   0x0000000000000334      0xa9c ./Core/Src/button.o
 .debug_macro   0x0000000000000dd0      0x21b ./Core/Src/button.o
 .debug_macro   0x0000000000000feb       0x2e ./Core/Src/button.o
 .debug_macro   0x0000000000001019       0x22 ./Core/Src/button.o
 .debug_macro   0x000000000000103b       0x22 ./Core/Src/button.o
 .debug_macro   0x000000000000105d       0x8e ./Core/Src/button.o
 .debug_macro   0x00000000000010eb       0x51 ./Core/Src/button.o
 .debug_macro   0x000000000000113c      0x103 ./Core/Src/button.o
 .debug_macro   0x000000000000123f       0x6a ./Core/Src/button.o
 .debug_macro   0x00000000000012a9      0x1df ./Core/Src/button.o
 .debug_macro   0x0000000000001488       0x1c ./Core/Src/button.o
 .debug_macro   0x00000000000014a4       0x22 ./Core/Src/button.o
 .debug_macro   0x00000000000014c6       0xc3 ./Core/Src/button.o
 .debug_macro   0x0000000000001589      0xd23 ./Core/Src/button.o
 .debug_macro   0x00000000000022ac     0xe09e ./Core/Src/button.o
 .debug_macro   0x000000000001034a       0x6d ./Core/Src/button.o
 .debug_macro   0x00000000000103b7     0x3468 ./Core/Src/button.o
 .debug_macro   0x000000000001381f      0x174 ./Core/Src/button.o
 .debug_macro   0x0000000000013993       0x5c ./Core/Src/button.o
 .debug_macro   0x00000000000139ef      0x5be ./Core/Src/button.o
 .debug_macro   0x0000000000013fad      0x289 ./Core/Src/button.o
 .debug_macro   0x0000000000014236      0x1cb ./Core/Src/button.o
 .debug_macro   0x0000000000014401      0x114 ./Core/Src/button.o
 .debug_macro   0x0000000000014515      0x1b2 ./Core/Src/button.o
 .debug_macro   0x00000000000146c7       0x27 ./Core/Src/button.o
 .debug_macro   0x00000000000146ee      0x136 ./Core/Src/button.o
 .debug_macro   0x0000000000014824      0x1bc ./Core/Src/button.o
 .debug_macro   0x00000000000149e0       0x34 ./Core/Src/button.o
 .debug_macro   0x0000000000014a14       0x3c ./Core/Src/button.o
 .debug_macro   0x0000000000014a50       0x57 ./Core/Src/button.o
 .debug_macro   0x0000000000014aa7       0x88 ./Core/Src/button.o
 .debug_macro   0x0000000000014b2f      0x241 ./Core/Src/button.o
 .debug_macro   0x0000000000014d70      0x141 ./Core/Src/button.o
 .debug_macro   0x0000000000014eb1      0x8d1 ./Core/Src/button.o
 .debug_macro   0x0000000000015782      0x279 ./Core/Src/button.o
 .debug_macro   0x00000000000159fb       0x83 ./Core/Src/button.o
 .debug_macro   0x0000000000015a7e       0x52 ./Core/Src/button.o
 .debug_macro   0x0000000000015ad0       0x18 ./Core/Src/button.o
 .debug_macro   0x0000000000015ae8       0x3c ./Core/Src/button.o
 .debug_macro   0x0000000000015b24       0x34 ./Core/Src/button.o
 .debug_macro   0x0000000000015b58       0x16 ./Core/Src/button.o
 .debug_macro   0x0000000000015b6e       0x35 ./Core/Src/button.o
 .debug_macro   0x0000000000015ba3      0x333 ./Core/Src/button.o
 .debug_macro   0x0000000000015ed6       0x10 ./Core/Src/button.o
 .debug_macro   0x0000000000015ee6       0x16 ./Core/Src/button.o
 .debug_macro   0x0000000000015efc       0x43 ./Core/Src/button.o
 .debug_macro   0x0000000000015f3f       0x34 ./Core/Src/button.o
 .debug_macro   0x0000000000015f73       0x10 ./Core/Src/button.o
 .debug_macro   0x0000000000015f83       0x58 ./Core/Src/button.o
 .debug_macro   0x0000000000015fdb       0x71 ./Core/Src/button.o
 .debug_macro   0x000000000001604c       0x1c ./Core/Src/button.o
 .debug_macro   0x0000000000016068      0x12a ./Core/Src/button.o
 .debug_macro   0x0000000000016192       0x10 ./Core/Src/button.o
 .debug_macro   0x00000000000161a2       0x1c ./Core/Src/button.o
 .debug_macro   0x00000000000161be       0x52 ./Core/Src/button.o
 .debug_macro   0x0000000000016210       0x22 ./Core/Src/button.o
 .debug_macro   0x0000000000016232       0x10 ./Core/Src/button.o
 .debug_macro   0x0000000000016242       0x40 ./Core/Src/button.o
 .debug_macro   0x0000000000016282       0xd5 ./Core/Src/button.o
 .debug_macro   0x0000000000016357       0x1c ./Core/Src/button.o
 .debug_macro   0x0000000000016373       0x3d ./Core/Src/button.o
 .debug_macro   0x00000000000163b0       0x16 ./Core/Src/button.o
 .debug_macro   0x00000000000163c6      0x145 ./Core/Src/button.o
 .debug_macro   0x000000000001650b       0x88 ./Core/Src/button.o
 .debug_macro   0x0000000000016593       0x34 ./Core/Src/button.o
 .debug_macro   0x00000000000165c7      0x364 ./Core/Src/fsm_auto.o
 .debug_macro   0x000000000001692b       0x16 ./Core/Src/fsm_auto.o
 .debug_macro   0x0000000000016941       0x70 ./Core/Src/fsm_auto.o
 .debug_macro   0x00000000000169b1      0x364 ./Core/Src/fsm_manual.o
 .debug_macro   0x0000000000016d15      0x364 ./Core/Src/fsm_pedestrian.o
 .debug_macro   0x0000000000017079      0x364 ./Core/Src/fsm_tuning.o
 .debug_macro   0x00000000000173dd      0x35a ./Core/Src/global.o
 .debug_macro   0x0000000000017737      0x390 ./Core/Src/main.o
 .debug_macro   0x0000000000017ac7       0x10 ./Core/Src/main.o
 .debug_macro   0x0000000000017ad7      0x343 ./Core/Src/scheduler.o
 .debug_macro   0x0000000000017e1a      0x311 ./Core/Src/stm32f1xx_hal_msp.o
 .debug_macro   0x000000000001812b      0x31b ./Core/Src/stm32f1xx_it.o
 .debug_macro   0x0000000000018446       0xff ./Core/Src/sysmem.o
 .debug_macro   0x0000000000018545      0x23b ./Core/Src/sysmem.o
 .debug_macro   0x0000000000018780      0x1a3 ./Core/Src/system_stm32f1xx.o
 .debug_macro   0x0000000000018923      0x334 ./Core/Src/timer.o
 .debug_macro   0x0000000000018c57      0x35a ./Core/Src/traffic.o
 .debug_macro   0x0000000000018fb1      0x1c7 ./Drivers/STM32F1xx_HAL_Driver/Src/stm32f1xx_hal.o
 .debug_macro   0x0000000000019178      0x1a3 ./Drivers/STM32F1xx_HAL_Driver/Src/stm32f1xx_hal_cortex.o
 .debug_macro   0x000000000001931b      0x1a3 ./Drivers/STM32F1xx_HAL_Driver/Src/stm32f1xx_hal_dma.o
 .debug_macro   0x00000000000194be      0x20e ./Drivers/STM32F1xx_HAL_Driver/Src/stm32f1xx_hal_gpio.o
 .debug_macro   0x00000000000196cc      0x1b5 ./Drivers/STM32F1xx_HAL_Driver/Src/stm32f1xx_hal_rcc.o
 .debug_macro   0x0000000000019881      0x1a4 ./Drivers/STM32F1xx_HAL_Driver/Src/stm32f1xx_hal_tim.o
 .debug_macro   0x0000000000019a25      0x1a3 ./Drivers/STM32F1xx_HAL_Driver/Src/stm32f1xx_hal_tim_ex.o
 .debug_macro   0x0000000000019bc8      0x1a4 ./Drivers/STM32F1xx_HAL_Driver/Src/stm32f1xx_hal_uart.o

.debug_line     0x0000000000000000    0x133cc
 .debug_line    0x0000000000000000      0xb41 ./Core/Src/button.o
 .debug_line    0x0000000000000b41      0xad9 ./Core/Src/fsm_auto.o
 .debug_line    0x000000000000161a      0xaea ./Core/Src/fsm_manual.o
 .debug_line    0x0000000000002104      0xb04 ./Core/Src/fsm_pedestrian.o
 .debug_line    0x0000000000002c08      0xc0c ./Core/Src/fsm_tuning.o
 .debug_line    0x0000000000003814      0x9b9 ./Core/Src/global.o
 .debug_line    0x00000000000041cd      0xc0d ./Core/Src/main.o
 .debug_line    0x0000000000004dda      0xaf1 ./Core/Src/scheduler.o
 .debug_line    0x00000000000058cb      0xa7b ./Core/Src/stm32f1xx_hal_msp.o
 .debug_line    0x0000000000006346      0xa90 ./Core/Src/stm32f1xx_it.o
 .debug_line    0x0000000000006dd6      0x638 ./Core/Src/sysmem.o
 .debug_line    0x000000000000740e      0x766 ./Core/Src/system_stm32f1xx.o
 .debug_line    0x0000000000007b74      0xa55 ./Core/Src/timer.o
 .debug_line    0x00000000000085c9      0xc53 ./Core/Src/traffic.o
 .debug_line    0x000000000000921c       0x87 ./Core/Startup/startup_stm32f103rbtx.o
 .debug_line    0x00000000000092a3      0x993 ./Drivers/STM32F1xx_HAL_Driver/Src/stm32f1xx_hal.o
 .debug_line    0x0000000000009c36      0xb7b ./Drivers/STM32F1xx_HAL_Driver/Src/stm32f1xx_hal_cortex.o
 .debug_line    0x000000000000a7b1      0xdeb ./Drivers/STM32F1xx_HAL_Driver/Src/stm32f1xx_hal_dma.o
 .debug_line    0x000000000000b59c      0xa2a ./Drivers/STM32F1xx_HAL_Driver/Src/stm32f1xx_hal_gpio.o
 .debug_line    0x000000000000bfc6      0xda1 ./Drivers/STM32F1xx_HAL_Driver/Src/stm32f1xx_hal_rcc.o
 .debug_line    0x000000000000cd67     0x333c ./Drivers/STM32F1xx_HAL_Driver/Src/stm32f1xx_hal_tim.o
 .debug_line    0x00000000000100a3     0x18bb ./Drivers/STM32F1xx_HAL_Driver/Src/stm32f1xx_hal_tim_ex.o
 .debug_line    0x000000000001195e     0x1a6e ./Drivers/STM32F1xx_HAL_Driver/Src/stm32f1xx_hal_uart.o

.debug_str      0x0000000000000000    0x8b39d
 .debug_str     0x0000000000000000    0x87b01 ./Core/Src/button.o
                                      0x87f82 (size before relaxing)
 .debug_str     0x0000000000087b01      0x202 ./Core/Src/fsm_auto.o
                                      0x880c5 (size before relaxing)
 .debug_str     0x0000000000087d03       0x3b ./Core/Src/fsm_manual.o
                                      0x880cb (size before relaxing)
 .debug_str     0x0000000000087d3e       0x47 ./Core/Src/fsm_pedestrian.o
                                      0x880d7 (size before relaxing)
 .debug_str     0x0000000000087d85       0x3b ./Core/Src/fsm_tuning.o
                                      0x880cb (size before relaxing)
 .debug_str     0x0000000000087dc0       0x15 ./Core/Src/global.o
                                      0x880a5 (size before relaxing)
 .debug_str     0x0000000000087dd5      0x350 ./Core/Src/main.o
                                      0x88451 (size before relaxing)
 .debug_str     0x0000000000088125       0x9e ./Core/Src/scheduler.o
                                      0x87f8d (size before relaxing)
 .debug_str     0x00000000000881c3      0x337 ./Core/Src/stm32f1xx_hal_msp.o
                                      0x881e9 (size before relaxing)
 .debug_str     0x00000000000884fa       0xdf ./Core/Src/stm32f1xx_it.o
                                      0x87e97 (size before relaxing)
 .debug_str     0x00000000000885d9      0x4e9 ./Core/Src/sysmem.o
                                       0x625b (size before relaxing)
 .debug_str     0x0000000000088ac2       0x52 ./Core/Src/system_stm32f1xx.o
                                      0x83453 (size before relaxing)
 .debug_str     0x0000000000088b14       0x90 ./Core/Src/timer.o
                                      0x87f42 (size before relaxing)
 .debug_str     0x0000000000088ba4      0x1d9 ./Core/Src/traffic.o
                                      0x8829c (size before relaxing)
 .debug_str     0x0000000000088d7d       0x36 ./Core/Startup/startup_stm32f103rbtx.o
                                         0x6f (size before relaxing)
 .debug_str     0x0000000000088db3      0x304 ./Drivers/STM32F1xx_HAL_Driver/Src/stm32f1xx_hal.o
                                      0x83ae4 (size before relaxing)
 .debug_str     0x00000000000890b7      0x300 ./Drivers/STM32F1xx_HAL_Driver/Src/stm32f1xx_hal_cortex.o
                                      0x83aec (size before relaxing)
 .debug_str     0x00000000000893b7      0x235 ./Drivers/STM32F1xx_HAL_Driver/Src/stm32f1xx_hal_dma.o
                                      0x8382e (size before relaxing)
 .debug_str     0x00000000000895ec      0x31f ./Drivers/STM32F1xx_HAL_Driver/Src/stm32f1xx_hal_gpio.o
                                      0x83817 (size before relaxing)
 .debug_str     0x000000000008990b      0x24f ./Drivers/STM32F1xx_HAL_Driver/Src/stm32f1xx_hal_rcc.o
                                      0x83850 (size before relaxing)
 .debug_str     0x0000000000089b5a      0xd68 ./Drivers/STM32F1xx_HAL_Driver/Src/stm32f1xx_hal_tim.o
                                      0x84822 (size before relaxing)
 .debug_str     0x000000000008a8c2      0x4ee ./Drivers/STM32F1xx_HAL_Driver/Src/stm32f1xx_hal_tim_ex.o
                                      0x83fd3 (size before relaxing)
 .debug_str     0x000000000008adb0      0x5ed ./Drivers/STM32F1xx_HAL_Driver/Src/stm32f1xx_hal_uart.o
                                      0x83e42 (size before relaxing)

.comment        0x0000000000000000       0x53
 .comment       0x0000000000000000       0x53 ./Core/Src/button.o
                                         0x54 (size before relaxing)
 .comment       0x0000000000000053       0x54 ./Core/Src/fsm_auto.o
 .comment       0x0000000000000053       0x54 ./Core/Src/fsm_manual.o
 .comment       0x0000000000000053       0x54 ./Core/Src/fsm_pedestrian.o
 .comment       0x0000000000000053       0x54 ./Core/Src/fsm_tuning.o
 .comment       0x0000000000000053       0x54 ./Core/Src/global.o
 .comment       0x0000000000000053       0x54 ./Core/Src/main.o
 .comment       0x0000000000000053       0x54 ./Core/Src/scheduler.o
 .comment       0x0000000000000053       0x54 ./Core/Src/stm32f1xx_hal_msp.o
 .comment       0x0000000000000053       0x54 ./Core/Src/stm32f1xx_it.o
 .comment       0x0000000000000053       0x54 ./Core/Src/sysmem.o
 .comment       0x0000000000000053       0x54 ./Core/Src/system_stm32f1xx.o
 .comment       0x0000000000000053       0x54 ./Core/Src/timer.o
 .comment       0x0000000000000053       0x54 ./Core/Src/traffic.o
 .comment       0x0000000000000053       0x54 ./Drivers/STM32F1xx_HAL_Driver/Src/stm32f1xx_hal.o
 .comment       0x0000000000000053       0x54 ./Drivers/STM32F1xx_HAL_Driver/Src/stm32f1xx_hal_cortex.o
 .comment       0x0000000000000053       0x54 ./Drivers/STM32F1xx_HAL_Driver/Src/stm32f1xx_hal_dma.o
 .comment       0x0000000000000053       0x54 ./Drivers/STM32F1xx_HAL_Driver/Src/stm32f1xx_hal_gpio.o
 .comment       0x0000000000000053       0x54 ./Drivers/STM32F1xx_HAL_Driver/Src/stm32f1xx_hal_rcc.o
 .comment       0x0000000000000053       0x54 ./Drivers/STM32F1xx_HAL_Driver/Src/stm32f1xx_hal_tim.o
 .comment       0x0000000000000053       0x54 ./Drivers/STM32F1xx_HAL_Driver/Src/stm32f1xx_hal_tim_ex.o
 .comment       0x0000000000000053       0x54 ./Drivers/STM32F1xx_HAL_Driver/Src/stm32f1xx_hal_uart.o

.debug_frame    0x0000000000000000     0x3bcc
 .debug_frame   0x0000000000000000       0x84 ./Core/Src/button.o
 .debug_frame   0x0000000000000084       0x2c ./Core/Src/fsm_auto.o
 .debug_frame   0x00000000000000b0       0x2c ./Core/Src/fsm_manual.o
 .debug_frame   0x00000000000000dc       0x2c ./Core/Src/fsm_pedestrian.o
 .debug_frame   0x0000000000000108       0x2c ./Core/Src/fsm_tuning.o
 .debug_frame   0x0000000000000134      0x10c ./Core/Src/main.o
 .debug_frame   0x0000000000000240       0xec ./Core/Src/scheduler.o
 .debug_frame   0x000000000000032c       0xec ./Core/Src/stm32f1xx_hal_msp.o
 .debug_frame   0x0000000000000418      0x13c ./Core/Src/stm32f1xx_it.o
 .debug_frame   0x0000000000000554       0x34 ./Core/Src/sysmem.o
 .debug_frame   0x0000000000000588       0x58 ./Core/Src/system_stm32f1xx.o
 .debug_frame   0x00000000000005e0       0xcc ./Core/Src/timer.o
 .debug_frame   0x00000000000006ac      0x2e4 ./Core/Src/traffic.o
 .debug_frame   0x0000000000000990      0x334 ./Drivers/STM32F1xx_HAL_Driver/Src/stm32f1xx_hal.o
 .debug_frame   0x0000000000000cc4      0x428 ./Drivers/STM32F1xx_HAL_Driver/Src/stm32f1xx_hal_cortex.o
 .debug_frame   0x00000000000010ec      0x208 ./Drivers/STM32F1xx_HAL_Driver/Src/stm32f1xx_hal_dma.o
 .debug_frame   0x00000000000012f4      0x14c ./Drivers/STM32F1xx_HAL_Driver/Src/stm32f1xx_hal_gpio.o
 .debug_frame   0x0000000000001440      0x21c ./Drivers/STM32F1xx_HAL_Driver/Src/stm32f1xx_hal_rcc.o
 .debug_frame   0x000000000000165c     0x11b8 ./Drivers/STM32F1xx_HAL_Driver/Src/stm32f1xx_hal_tim.o
 .debug_frame   0x0000000000002814      0x638 ./Drivers/STM32F1xx_HAL_Driver/Src/stm32f1xx_hal_tim_ex.o
 .debug_frame   0x0000000000002e4c      0x914 ./Drivers/STM32F1xx_HAL_Driver/Src/stm32f1xx_hal_uart.o
 .debug_frame   0x0000000000003760       0x20 c:/d/appications/stm/stm32cubeide_1.7.0/stm32cubeide/plugins/com.st.stm32cube.ide.mcu.externaltools.gnu-tools-for-stm32.9-2020-q2-update.win32_2.0.0.202105311346/tools/bin/../lib/gcc/arm-none-eabi/9.3.1/../../../../arm-none-eabi/lib/thumb/v7-m/nofp\libc_nano.a(lib_a-errno.o)
 .debug_frame   0x0000000000003780       0x2c c:/d/appications/stm/stm32cubeide_1.7.0/stm32cubeide/plugins/com.st.stm32cube.ide.mcu.externaltools.gnu-tools-for-stm32.9-2020-q2-update.win32_2.0.0.202105311346/tools/bin/../lib/gcc/arm-none-eabi/9.3.1/../../../../arm-none-eabi/lib/thumb/v7-m/nofp\libc_nano.a(lib_a-init.o)
 .debug_frame   0x00000000000037ac       0x20 c:/d/appications/stm/stm32cubeide_1.7.0/stm32cubeide/plugins/com.st.stm32cube.ide.mcu.externaltools.gnu-tools-for-stm32.9-2020-q2-update.win32_2.0.0.202105311346/tools/bin/../lib/gcc/arm-none-eabi/9.3.1/../../../../arm-none-eabi/lib/thumb/v7-m/nofp\libc_nano.a(lib_a-memset.o)
 .debug_frame   0x00000000000037cc       0x6c c:/d/appications/stm/stm32cubeide_1.7.0/stm32cubeide/plugins/com.st.stm32cube.ide.mcu.externaltools.gnu-tools-for-stm32.9-2020-q2-update.win32_2.0.0.202105311346/tools/bin/../lib/gcc/arm-none-eabi/9.3.1/../../../../arm-none-eabi/lib/thumb/v7-m/nofp\libc_nano.a(lib_a-sprintf.o)
 .debug_frame   0x0000000000003838       0x90 c:/d/appications/stm/stm32cubeide_1.7.0/stm32cubeide/plugins/com.st.stm32cube.ide.mcu.externaltools.gnu-tools-for-stm32.9-2020-q2-update.win32_2.0.0.202105311346/tools/bin/../lib/gcc/arm-none-eabi/9.3.1/../../../../arm-none-eabi/lib/thumb/v7-m/nofp\libc_nano.a(lib_a-nano-svfprintf.o)
 .debug_frame   0x00000000000038c8       0x60 c:/d/appications/stm/stm32cubeide_1.7.0/stm32cubeide/plugins/com.st.stm32cube.ide.mcu.externaltools.gnu-tools-for-stm32.9-2020-q2-update.win32_2.0.0.202105311346/tools/bin/../lib/gcc/arm-none-eabi/9.3.1/../../../../arm-none-eabi/lib/thumb/v7-m/nofp\libc_nano.a(lib_a-nano-vfprintf_i.o)
 .debug_frame   0x0000000000003928       0x28 c:/d/appications/stm/stm32cubeide_1.7.0/stm32cubeide/plugins/com.st.stm32cube.ide.mcu.externaltools.gnu-tools-for-stm32.9-2020-q2-update.win32_2.0.0.202105311346/tools/bin/../lib/gcc/arm-none-eabi/9.3.1/../../../../arm-none-eabi/lib/thumb/v7-m/nofp\libc_nano.a(lib_a-memchr-stub.o)
 .debug_frame   0x0000000000003950       0x28 c:/d/appications/stm/stm32cubeide_1.7.0/stm32cubeide/plugins/com.st.stm32cube.ide.mcu.externaltools.gnu-tools-for-stm32.9-2020-q2-update.win32_2.0.0.202105311346/tools/bin/../lib/gcc/arm-none-eabi/9.3.1/../../../../arm-none-eabi/lib/thumb/v7-m/nofp\libc_nano.a(lib_a-memcpy-stub.o)
 .debug_frame   0x0000000000003978       0x28 c:/d/appications/stm/stm32cubeide_1.7.0/stm32cubeide/plugins/com.st.stm32cube.ide.mcu.externaltools.gnu-tools-for-stm32.9-2020-q2-update.win32_2.0.0.202105311346/tools/bin/../lib/gcc/arm-none-eabi/9.3.1/../../../../arm-none-eabi/lib/thumb/v7-m/nofp\libc_nano.a(lib_a-memmove.o)
 .debug_frame   0x00000000000039a0       0x38 c:/d/appications/stm/stm32cubeide_1.7.0/stm32cubeide/plugins/com.st.stm32cube.ide.mcu.externaltools.gnu-tools-for-stm32.9-2020-q2-update.win32_2.0.0.202105311346/tools/bin/../lib/gcc/arm-none-eabi/9.3.1/../../../../arm-none-eabi/lib/thumb/v7-m/nofp\libc_nano.a(lib_a-nano-freer.o)
 .debug_frame   0x00000000000039d8       0x30 c:/d/appications/stm/stm32cubeide_1.7.0/stm32cubeide/plugins/com.st.stm32cube.ide.mcu.externaltools.gnu-tools-for-stm32.9-2020-q2-update.win32_2.0.0.202105311346/tools/bin/../lib/gcc/arm-none-eabi/9.3.1/../../../../arm-none-eabi/lib/thumb/v7-m/nofp\libc_nano.a(lib_a-nano-mallocr.o)
 .debug_frame   0x0000000000003a08       0x3c c:/d/appications/stm/stm32cubeide_1.7.0/stm32cubeide/plugins/com.st.stm32cube.ide.mcu.externaltools.gnu-tools-for-stm32.9-2020-q2-update.win32_2.0.0.202105311346/tools/bin/../lib/gcc/arm-none-eabi/9.3.1/../../../../arm-none-eabi/lib/thumb/v7-m/nofp\libc_nano.a(lib_a-nano-reallocr.o)
 .debug_frame   0x0000000000003a44       0x2c c:/d/appications/stm/stm32cubeide_1.7.0/stm32cubeide/plugins/com.st.stm32cube.ide.mcu.externaltools.gnu-tools-for-stm32.9-2020-q2-update.win32_2.0.0.202105311346/tools/bin/../lib/gcc/arm-none-eabi/9.3.1/../../../../arm-none-eabi/lib/thumb/v7-m/nofp\libc_nano.a(lib_a-sbrkr.o)
 .debug_frame   0x0000000000003a70       0x30 c:/d/appications/stm/stm32cubeide_1.7.0/stm32cubeide/plugins/com.st.stm32cube.ide.mcu.externaltools.gnu-tools-for-stm32.9-2020-q2-update.win32_2.0.0.202105311346/tools/bin/../lib/gcc/arm-none-eabi/9.3.1/../../../../arm-none-eabi/lib/thumb/v7-m/nofp\libc_nano.a(lib_a-mlock.o)
 .debug_frame   0x0000000000003aa0       0x20 c:/d/appications/stm/stm32cubeide_1.7.0/stm32cubeide/plugins/com.st.stm32cube.ide.mcu.externaltools.gnu-tools-for-stm32.9-2020-q2-update.win32_2.0.0.202105311346/tools/bin/../lib/gcc/arm-none-eabi/9.3.1/../../../../arm-none-eabi/lib/thumb/v7-m/nofp\libc_nano.a(lib_a-nano-msizer.o)
 .debug_frame   0x0000000000003ac0       0x5c c:/d/appications/stm/stm32cubeide_1.7.0/stm32cubeide/plugins/com.st.stm32cube.ide.mcu.externaltools.gnu-tools-for-stm32.9-2020-q2-update.win32_2.0.0.202105311346/tools/bin/../lib/gcc/arm-none-eabi/9.3.1/../../../../arm-none-eabi/lib/thumb/v7-m/nofp\libc_nano.a(lib_a-reent.o)
 .debug_frame   0x0000000000003b1c       0xb0 c:/d/appications/stm/stm32cubeide_1.7.0/stm32cubeide/plugins/com.st.stm32cube.ide.mcu.externaltools.gnu-tools-for-stm32.9-2020-q2-update.win32_2.0.0.202105311346/tools/bin/../lib/gcc/arm-none-eabi/9.3.1/../../../../arm-none-eabi/lib/thumb/v7-m/nofp\libc_nano.a(lib_a-lock.o)