Archive member included to satisfy reference by file (symbol)

c:/st/stm32cubeide_1.7.0/stm32cubeide/plugins/com.st.stm32cube.ide.mcu.externaltools.gnu-tools-for-stm32.9-2020-q2-update.win32_2.0.0.202105311346/tools/bin/../lib/gcc/arm-none-eabi/9.3.1/../../../../arm-none-eabi/lib/thumb/v7-m/nofp\libc_nano.a(lib_a-errno.o)
                              ./Core/Src/syscalls.o (__errno)
c:/st/stm32cubeide_1.7.0/stm32cubeide/plugins/com.st.stm32cube.ide.mcu.externaltools.gnu-tools-for-stm32.9-2020-q2-update.win32_2.0.0.202105311346/tools/bin/../lib/gcc/arm-none-eabi/9.3.1/../../../../arm-none-eabi/lib/thumb/v7-m/nofp\libc_nano.a(lib_a-exit.o)
                              c:/st/stm32cubeide_1.7.0/stm32cubeide/plugins/com.st.stm32cube.ide.mcu.externaltools.gnu-tools-for-stm32.9-2020-q2-update.win32_2.0.0.202105311346/tools/bin/../lib/gcc/arm-none-eabi/9.3.1/../../../../arm-none-eabi/lib/thumb/v7-m/nofp/crt0.o (exit)
c:/st/stm32cubeide_1.7.0/stm32cubeide/plugins/com.st.stm32cube.ide.mcu.externaltools.gnu-tools-for-stm32.9-2020-q2-update.win32_2.0.0.202105311346/tools/bin/../lib/gcc/arm-none-eabi/9.3.1/../../../../arm-none-eabi/lib/thumb/v7-m/nofp\libc_nano.a(lib_a-impure.o)
                              c:/st/stm32cubeide_1.7.0/stm32cubeide/plugins/com.st.stm32cube.ide.mcu.externaltools.gnu-tools-for-stm32.9-2020-q2-update.win32_2.0.0.202105311346/tools/bin/../lib/gcc/arm-none-eabi/9.3.1/../../../../arm-none-eabi/lib/thumb/v7-m/nofp\libc_nano.a(lib_a-exit.o) (_global_impure_ptr)
c:/st/stm32cubeide_1.7.0/stm32cubeide/plugins/com.st.stm32cube.ide.mcu.externaltools.gnu-tools-for-stm32.9-2020-q2-update.win32_2.0.0.202105311346/tools/bin/../lib/gcc/arm-none-eabi/9.3.1/../../../../arm-none-eabi/lib/thumb/v7-m/nofp\libc_nano.a(lib_a-init.o)
                              c:/st/stm32cubeide_1.7.0/stm32cubeide/plugins/com.st.stm32cube.ide.mcu.externaltools.gnu-tools-for-stm32.9-2020-q2-update.win32_2.0.0.202105311346/tools/bin/../lib/gcc/arm-none-eabi/9.3.1/../../../../arm-none-eabi/lib/thumb/v7-m/nofp/crt0.o (__libc_init_array)
c:/st/stm32cubeide_1.7.0/stm32cubeide/plugins/com.st.stm32cube.ide.mcu.externaltools.gnu-tools-for-stm32.9-2020-q2-update.win32_2.0.0.202105311346/tools/bin/../lib/gcc/arm-none-eabi/9.3.1/../../../../arm-none-eabi/lib/thumb/v7-m/nofp\libc_nano.a(lib_a-memset.o)
                              c:/st/stm32cubeide_1.7.0/stm32cubeide/plugins/com.st.stm32cube.ide.mcu.externaltools.gnu-tools-for-stm32.9-2020-q2-update.win32_2.0.0.202105311346/tools/bin/../lib/gcc/arm-none-eabi/9.3.1/../../../../arm-none-eabi/lib/thumb/v7-m/nofp/crt0.o (memset)

Allocating common symbols
Common symbol       size              file

SCH_tasks_G         0x320             ./Core/Src/scheduler.o
uwTick              0x4               ./Drivers/STM32F1xx_HAL_Driver/Src/stm32f1xx_hal.o
pFlash              0x20              ./Drivers/STM32F1xx_HAL_Driver/Src/stm32f1xx_hal_flash.o
htim2               0x48              ./Core/Src/main.o

Discarded input sections

 .text          0x0000000000000000        0x0 c:/st/stm32cubeide_1.7.0/stm32cubeide/plugins/com.st.stm32cube.ide.mcu.externaltools.gnu-tools-for-stm32.9-2020-q2-update.win32_2.0.0.202105311346/tools/bin/../lib/gcc/arm-none-eabi/9.3.1/thumb/v7-m/nofp/crti.o
 .data          0x0000000000000000        0x0 c:/st/stm32cubeide_1.7.0/stm32cubeide/plugins/com.st.stm32cube.ide.mcu.externaltools.gnu-tools-for-stm32.9-2020-q2-update.win32_2.0.0.202105311346/tools/bin/../lib/gcc/arm-none-eabi/9.3.1/thumb/v7-m/nofp/crti.o
 .bss           0x0000000000000000        0x0 c:/st/stm32cubeide_1.7.0/stm32cubeide/plugins/com.st.stm32cube.ide.mcu.externaltools.gnu-tools-for-stm32.9-2020-q2-update.win32_2.0.0.202105311346/tools/bin/../lib/gcc/arm-none-eabi/9.3.1/thumb/v7-m/nofp/crti.o
 .data          0x0000000000000000        0x4 c:/st/stm32cubeide_1.7.0/stm32cubeide/plugins/com.st.stm32cube.ide.mcu.externaltools.gnu-tools-for-stm32.9-2020-q2-update.win32_2.0.0.202105311346/tools/bin/../lib/gcc/arm-none-eabi/9.3.1/thumb/v7-m/nofp/crtbegin.o
 .text          0x0000000000000000       0x7c c:/st/stm32cubeide_1.7.0/stm32cubeide/plugins/com.st.stm32cube.ide.mcu.externaltools.gnu-tools-for-stm32.9-2020-q2-update.win32_2.0.0.202105311346/tools/bin/../lib/gcc/arm-none-eabi/9.3.1/../../../../arm-none-eabi/lib/thumb/v7-m/nofp/crt0.o
 .data          0x0000000000000000        0x0 c:/st/stm32cubeide_1.7.0/stm32cubeide/plugins/com.st.stm32cube.ide.mcu.externaltools.gnu-tools-for-stm32.9-2020-q2-update.win32_2.0.0.202105311346/tools/bin/../lib/gcc/arm-none-eabi/9.3.1/../../../../arm-none-eabi/lib/thumb/v7-m/nofp/crt0.o
 .bss           0x0000000000000000        0x0 c:/st/stm32cubeide_1.7.0/stm32cubeide/plugins/com.st.stm32cube.ide.mcu.externaltools.gnu-tools-for-stm32.9-2020-q2-update.win32_2.0.0.202105311346/tools/bin/../lib/gcc/arm-none-eabi/9.3.1/../../../../arm-none-eabi/lib/thumb/v7-m/nofp/crt0.o
[...]
Memory Configuration

Name             Origin             Length             Attributes
RAM              0x0000000020000000 0x0000000000005000 xrw
FLASH            0x0000000008000000 0x0000000000020000 xr
*default*        0x0000000000000000 0xffffffffffffffff

Linker script and memory map

LOAD c:/st/stm32cubeide_1.7.0/stm32cubeide/plugins/com.st.stm32cube.ide.mcu.externaltools.gnu-tools-for-stm32.9-2020-q2-update.win32_2.0.0.202105311346/tools/bin/../lib/gcc/arm-none-eabi/9.3.1/thumb/v7-m/nofp/crti.o
LOAD c:/st/stm32cubeide_1.7.0/stm32cubeide/plugins/com.st.stm32cube.ide.mcu.externaltools.gnu-tools-for-stm32.9-2020-q2-update.win32_2.0.0.202105311346/tools/bin/../lib/gcc/arm-none-eabi/9.3.1/thumb/v7-m/nofp/crtbegin.o
LOAD c:/st/stm32cubeide_1.7.0/stm32cubeide/plugins/com.st.stm32cube.ide.mcu.externaltools.gnu-tools-for-stm32.9-2020-q2-update.win32_2.0.0.202105311346/tools/bin/../lib/gcc/arm-none-eabi/9.3.1/../../../../arm-none-eabi/lib/thumb/v7-m/nofp/crt0.o
LOAD ./Core/Src/button.o
LOAD ./Core/Src/fsm_auto.o
LOAD ./Core/Src/fsm_manual.o
LOAD ./Core/Src/fsm_pedestrian.o
LOAD ./Core/Src/fsm_tuning.o
LOAD ./Core/Src/global.o
LOAD ./Core/Src/main.o
LOAD ./Core/Src/scheduler.o
LOAD ./Core/Src/stm32f1xx_hal_msp.o
LOAD ./Core/Src/stm32f1xx_it.o
LOAD ./Core/Src/syscalls.o
LOAD ./Core/Src/sysmem.o
LOAD ./Core/Src/system_stm32f1xx.o
LOAD ./Core/Src/timer.o
LOAD ./Core/Src/traffic.o
LOAD ./Core/Startup/startup_stm32f103rbtx.o
LOAD ./Drivers/STM32F1xx_HAL_Driver/Src/stm32f1xx_hal.o
LOAD ./Drivers/STM32F1xx_HAL_Driver/Src/stm32f1xx_hal_cortex.o
LOAD ./Drivers/STM32F1xx_HAL_Driver/Src/stm32f1xx_hal_dma.o
LOAD ./Drivers/STM32F1xx_HAL_Driver/Src/stm32f1xx_hal_exti.o
LOAD ./Drivers/STM32F1xx_HAL_Driver/Src/stm32f1xx_hal_flash.o
LOAD ./Drivers/STM32F1xx_HAL_Driver/Src/stm32f1xx_hal_flash_ex.o
LOAD ./Drivers/STM32F1xx_HAL_Driver/Src/stm32f1xx_hal_gpio.o
LOAD ./Drivers/STM32F1xx_HAL_Driver/Src/stm32f1xx_hal_gpio_ex.o
LOAD ./Drivers/STM32F1xx_HAL_Driver/Src/stm32f1xx_hal_pwr.o
LOAD ./Drivers/STM32F1xx_HAL_Driver/Src/stm32f1xx_hal_rcc.o
LOAD ./Drivers/STM32F1xx_HAL_Driver/Src/stm32f1xx_hal_rcc_ex.o
LOAD ./Drivers/STM32F1xx_HAL_Driver/Src/stm32f1xx_hal_tim.o
LOAD ./Drivers/STM32F1xx_HAL_Driver/Src/stm32f1xx_hal_tim_ex.o
START GROUP
LOAD c:/st/stm32cubeide_1.7.0/stm32cubeide/plugins/com.st.stm32cube.ide.mcu.externaltools.gnu-tools-for-stm32.9-2020-q2-update.win32_2.0.0.202105311346/tools/bin/../lib/gcc/arm-none-eabi/9.3.1/../../../../arm-none-eabi/lib/thumb/v7-m/nofp\libc_nano.a
LOAD c:/st/stm32cubeide_1.7.0/stm32cubeide/plugins/com.st.stm32cube.ide.mcu.externaltools.gnu-tools-for-stm32.9-2020-q2-update.win32_2.0.0.202105311346/tools/bin/../lib/gcc/arm-none-eabi/9.3.1/../../../../arm-none-eabi/lib/thumb/v7-m/nofp\libm.a
END GROUP
START GROUP
LOAD c:/st/stm32cubeide_1.7.0/stm32cubeide/plugins/com.st.stm32cube.ide.mcu.externaltools.gnu-tools-for-stm32.9-2020-q2-update.win32_2.0.0.202105311346/tools/bin/../lib/gcc/arm-none-eabi/9.3.1/thumb/v7-m/nofp\libgcc.a
LOAD c:/st/stm32cubeide_1.7.0/stm32cubeide/plugins/com.st.stm32cube.ide.mcu.externaltools.gnu-tools-for-stm32.9-2020-q2-update.win32_2.0.0.202105311346/tools/bin/../lib/gcc/arm-none-eabi/9.3.1/../../../../arm-none-eabi/lib/thumb/v7-m/nofp\libc_nano.a
END GROUP
START GROUP
LOAD c:/st/stm32cubeide_1.7.0/stm32cubeide/plugins/com.st.stm32cube.ide.mcu.externaltools.gnu-tools-for-stm32.9-2020-q2-update.win32_2.0.0.202105311346/tools/bin/../lib/gcc/arm-none-eabi/9.3.1/thumb/v7-m/nofp\libgcc.a
LOAD c:/st/stm32cubeide_1.7.0/stm32cubeide/plugins/com.st.stm32cube.ide.mcu.externaltools.gnu-tools-for-stm32.9-2020-q2-update.win32_2.0.0.202105311346/tools/bin/../lib/gcc/arm-none-eabi/9.3.1/../../../../arm-none-eabi/lib/thumb/v7-m/nofp\libc_nano.a
LOAD c:/st/stm32cubeide_1.7.0/stm32cubeide/plugins/com.st.stm32cube.ide.mcu.externaltools.gnu-tools-for-stm32.9-2020-q2-update.win32_2.0.0.202105311346/tools/bin/../lib/gcc/arm-none-eabi/9.3.1/../../../../arm-none-eabi/lib/thumb/v7-m/nofp\libnosys.a
END GROUP
START GROUP
LOAD c:/st/stm32cubeide_1.7.0/stm32cubeide/plugins/com.st.stm32cube.ide.mcu.externaltools.gnu-tools-for-stm32.9-2020-q2-update.win32_2.0.0.202105311346/tools/bin/../lib/gcc/arm-none-eabi/9.3.1/thumb/v7-m/nofp\libgcc.a
LOAD c:/st/stm32cubeide_1.7.0/stm32cubeide/plugins/com.st.stm32cube.ide.mcu.externaltools.gnu-tools-for-stm32.9-2020-q2-update.win32_2.0.0.202105311346/tools/bin/../lib/gcc/arm-none-eabi/9.3.1/../../../../arm-none-eabi/lib/thumb/v7-m/nofp\libc_nano.a
LOAD c:/st/stm32cubeide_1.7.0/stm32cubeide/plugins/com.st.stm32cube.ide.mcu.externaltools.gnu-tools-for-stm32.9-2020-q2-update.win32_2.0.0.202105311346/tools/bin/../lib/gcc/arm-none-eabi/9.3.1/../../../../arm-none-eabi/lib/thumb/v7-m/nofp\libnosys.a
END GROUP
LOAD c:/st/stm32cubeide_1.7.0/stm32cubeide/plugins/com.st.stm32cube.ide.mcu.externaltools.gnu-tools-for-stm32.9-2020-q2-update.win32_2.0.0.202105311346/tools/bin/../lib/gcc/arm-none-eabi/9.3.1/thumb/v7-m/nofp/crtend.o
LOAD c:/st/stm32cubeide_1.7.0/stm32cubeide/plugins/com.st.stm32cube.ide.mcu.externaltools.gnu-tools-for-stm32.9-2020-q2-update.win32_2.0.0.202105311346/tools/bin/../lib/gcc/arm-none-eabi/9.3.1/thumb/v7-m/nofp/crtn.o
                0x0000000020005000                _estack = (ORIGIN (RAM) + LENGTH (RAM))
                0x0000000000000200                _Min_Heap_Size = 0x200
                0x0000000000000400                _Min_Stack_Size = 0x400

.isr_vector     0x0000000008000000      0x10c
                0x0000000008000000                . = ALIGN (0x4)
 *(.isr_vector)
 .isr_vector    0x0000000008000000      0x10c ./Core/Startup/startup_stm32f103rbtx.o
                0x0000000008000000                g_pfnVectors
                0x000000000800010c                . = ALIGN (0x4)

.text           0x000000000800010c     0x25b0
                0x000000000800010c                . = ALIGN (0x4)
 *(.text)
 .text          0x000000000800010c       0x40 c:/st/stm32cubeide_1.7.0/stm32cubeide/plugins/com.st.stm32cube.ide.mcu.externaltools.gnu-tools-for-stm32.9-2020-q2-update.win32_2.0.0.202105311346/tools/bin/../lib/gcc/arm-none-eabi/9.3.1/thumb/v7-m/nofp/crtbegin.o
 *(.text*)
 .text.isButtonPressed
                0x000000000800014c       0x34 ./Core/Src/button.o
                0x000000000800014c                isButtonPressed
 .text.fsm_auto_run
                0x0000000008000180      0x204 ./Core/Src/fsm_auto.o
                0x0000000008000180                fsm_auto_run
 .text.fsm_manual_run
                0x0000000008000384      0x198 ./Core/Src/fsm_manual.o
                0x0000000008000384                fsm_manual_run
 .text.fsm_pedestrian_run
                0x000000000800051c        0xc ./Core/Src/fsm_pedestrian.o
                0x000000000800051c                fsm_pedestrian_run
 .text.fsm_tuning_run
                0x0000000008000528      0x504 ./Core/Src/fsm_tuning.o
                0x0000000008000528                fsm_tuning_run
 .text.test_IO  0x0000000008000a2c       0x68 ./Core/Src/main.o
                0x0000000008000a2c                test_IO
 .text.main     0x0000000008000a94       0x44 ./Core/Src/main.o
                0x0000000008000a94                main
 .text.SystemClock_Config
                0x0000000008000ad8       0x82 ./Core/Src/main.o
                0x0000000008000ad8                SystemClock_Config
 *fill*         0x0000000008000b5a        0x2 
 .text.MX_TIM2_Init
                0x0000000008000b5c       0x98 ./Core/Src/main.o
 .text.MX_GPIO_Init
                0x0000000008000bf4       0xf4 ./Core/Src/main.o
 .text.Error_Handler
                0x0000000008000ce8        0xa ./Core/Src/main.o
                0x0000000008000ce8                Error_Handler
 .text.SCH_Init
                0x0000000008000cf2       0x2a ./Core/Src/scheduler.o
                0x0000000008000cf2                SCH_Init
 .text.SCH_Add_Task
                0x0000000008000d1c       0xbc ./Core/Src/scheduler.o
                0x0000000008000d1c                SCH_Add_Task
 .text.SCH_Delete_Task
                0x0000000008000dd8       0x80 ./Core/Src/scheduler.o
                0x0000000008000dd8                SCH_Delete_Task
 .text.HAL_MspInit
                0x0000000008000e58       0x64 ./Core/Src/stm32f1xx_hal_msp.o
                0x0000000008000e58                HAL_MspInit
 .text.HAL_TIM_Base_MspInit
                0x0000000008000ebc       0x38 ./Core/Src/stm32f1xx_hal_msp.o
                0x0000000008000ebc                HAL_TIM_Base_MspInit
 .text.NMI_Handler
                0x0000000008000ef4        0x6 ./Core/Src/stm32f1xx_it.o
                0x0000000008000ef4                NMI_Handler
 .text.HardFault_Handler
                0x0000000008000efa        0x6 ./Core/Src/stm32f1xx_it.o
                0x0000000008000efa                HardFault_Handler
 .text.MemManage_Handler
                0x0000000008000f00        0x6 ./Core/Src/stm32f1xx_it.o
                0x0000000008000f00                MemManage_Handler
 .text.BusFault_Handler
                0x0000000008000f06        0x6 ./Core/Src/stm32f1xx_it.o
                0x0000000008000f06                BusFault_Handler
 .text.UsageFault_Handler
                0x0000000008000f0c        0x6 ./Core/Src/stm32f1xx_it.o
                0x0000000008000f0c                UsageFault_Handler
 .text.SVC_Handler
                0x0000000008000f12        0xc ./Core/Src/stm32f1xx_it.o
                0x0000000008000f12                SVC_Handler
 .text.DebugMon_Handler
                0x0000000008000f1e        0xc ./Core/Src/stm32f1xx_it.o
                0x0000000008000f1e                DebugMon_Handler
 .text.PendSV_Handler
                0x0000000008000f2a        0xc ./Core/Src/stm32f1xx_it.o
                0x0000000008000f2a                PendSV_Handler
 .text.SysTick_Handler
                0x0000000008000f36        0xc ./Core/Src/stm32f1xx_it.o
                0x0000000008000f36                SysTick_Handler
 .text.SystemInit
                0x0000000008000f42        0xc ./Core/Src/system_stm32f1xx.o
                0x0000000008000f42                SystemInit
 *fill*         0x0000000008000f4e        0x2 
 .text.setTimer1
                0x0000000008000f50       0x38 ./Core/Src/timer.o
                0x0000000008000f50                setTimer1
 .text.setTraffic1Red
                0x0000000008000f88       0x28 ./Core/Src/traffic.o
                0x0000000008000f88                setTraffic1Red
 .text.setTraffic2Red
                0x0000000008000fb0       0x20 ./Core/Src/traffic.o
                0x0000000008000fb0                setTraffic2Red
 .text.setTraffic1Green
                0x0000000008000fd0       0x28 ./Core/Src/traffic.o
                0x0000000008000fd0                setTraffic1Green
 .text.clearTraffic1
                0x0000000008000ff8       0x28 ./Core/Src/traffic.o
                0x0000000008000ff8                clearTraffic1
 .text.setTraffic2Green
                0x0000000008001020       0x20 ./Core/Src/traffic.o
                0x0000000008001020                setTraffic2Green
 .text.setTraffic1Yellow
                0x0000000008001040       0x28 ./Core/Src/traffic.o
                0x0000000008001040                setTraffic1Yellow
 .text.setTraffic2Yellow
                0x0000000008001068       0x20 ./Core/Src/traffic.o
                0x0000000008001068                setTraffic2Yellow
 .text.clearTraffic2
                0x0000000008001088       0x20 ./Core/Src/traffic.o
                0x0000000008001088                clearTraffic2
 .text.toggleTraffic1Red
                0x00000000080010a8       0x18 ./Core/Src/traffic.o
                0x00000000080010a8                toggleTraffic1Red
 .text.toggleTraffic2Red
                0x00000000080010c0       0x14 ./Core/Src/traffic.o
                0x00000000080010c0                toggleTraffic2Red
 .text.toggleTraffic1Green
                0x00000000080010d4       0x14 ./Core/Src/traffic.o
                0x00000000080010d4                toggleTraffic1Green
 .text.toggleTraffic2Green
                0x00000000080010e8       0x14 ./Core/Src/traffic.o
                0x00000000080010e8                toggleTraffic2Green
 .text.toggleTraffic1Yellow
                0x00000000080010fc       0x24 ./Core/Src/traffic.o
                0x00000000080010fc                toggleTraffic1Yellow
 .text.toggleTraffic2Yellow
                0x0000000008001120       0x1c ./Core/Src/traffic.o
                0x0000000008001120                toggleTraffic2Yellow
 .text.acceptTraffic1Red
                0x000000000800113c       0x44 ./Core/Src/traffic.o
                0x000000000800113c                acceptTraffic1Red
 .text.acceptTraffic2Red
                0x0000000008001180       0x44 ./Core/Src/traffic.o
                0x0000000008001180                acceptTraffic2Red
 .text.acceptTraffic1Green
                0x00000000080011c4       0x34 ./Core/Src/traffic.o
                0x00000000080011c4                acceptTraffic1Green
 .text.acceptTraffic2Green
                0x00000000080011f8       0x34 ./Core/Src/traffic.o
                0x00000000080011f8                acceptTraffic2Green
 .text.acceptTraffic1Yellow
                0x000000000800122c       0x34 ./Core/Src/traffic.o
                0x000000000800122c                acceptTraffic1Yellow
 .text.acceptTraffic2Yellow
                0x0000000008001260       0x34 ./Core/Src/traffic.o
                0x0000000008001260                acceptTraffic2Yellow
 .text.Reset_Handler
                0x0000000008001294       0x48 ./Core/Startup/startup_stm32f103rbtx.o
                0x0000000008001294                Reset_Handler
 .text.Default_Handler
                0x00000000080012dc        0x2 ./Core/Startup/startup_stm32f103rbtx.o
                0x00000000080012dc                RTC_Alarm_IRQHandler
                0x00000000080012dc                EXTI2_IRQHandler
                0x00000000080012dc                TIM1_CC_IRQHandler
                0x00000000080012dc                PVD_IRQHandler
                0x00000000080012dc                EXTI3_IRQHandler
                0x00000000080012dc                EXTI0_IRQHandler
                0x00000000080012dc                I2C2_EV_IRQHandler
                0x00000000080012dc                ADC1_2_IRQHandler
                0x00000000080012dc                SPI1_IRQHandler
                0x00000000080012dc                TAMPER_IRQHandler
                0x00000000080012dc                DMA1_Channel4_IRQHandler
                0x00000000080012dc                USART3_IRQHandler
                0x00000000080012dc                RTC_IRQHandler
                0x00000000080012dc                DMA1_Channel7_IRQHandler
                0x00000000080012dc                CAN1_RX1_IRQHandler
                0x00000000080012dc                TIM4_IRQHandler
                0x00000000080012dc                I2C1_EV_IRQHandler
                0x00000000080012dc                DMA1_Channel6_IRQHandler
                0x00000000080012dc                TIM3_IRQHandler
                0x00000000080012dc                RCC_IRQHandler
                0x00000000080012dc                TIM1_TRG_COM_IRQHandler
                0x00000000080012dc                DMA1_Channel1_IRQHandler
                0x00000000080012dc                Default_Handler
                0x00000000080012dc                EXTI15_10_IRQHandler
                0x00000000080012dc                EXTI9_5_IRQHandler
                0x00000000080012dc                SPI2_IRQHandler
                0x00000000080012dc                DMA1_Channel5_IRQHandler
                0x00000000080012dc                EXTI4_IRQHandler
                0x00000000080012dc                USB_LP_CAN1_RX0_IRQHandler
                0x00000000080012dc                USB_HP_CAN1_TX_IRQHandler
                0x00000000080012dc                DMA1_Channel3_IRQHandler
                0x00000000080012dc                TIM1_UP_IRQHandler
                0x00000000080012dc                WWDG_IRQHandler
                0x00000000080012dc                TIM2_IRQHandler
                0x00000000080012dc                TIM1_BRK_IRQHandler
                0x00000000080012dc                EXTI1_IRQHandler
                0x00000000080012dc                USART2_IRQHandler
                0x00000000080012dc                I2C2_ER_IRQHandler
                0x00000000080012dc                DMA1_Channel2_IRQHandler
                0x00000000080012dc                CAN1_SCE_IRQHandler
                0x00000000080012dc                FLASH_IRQHandler
                0x00000000080012dc                USART1_IRQHandler
                0x00000000080012dc                I2C1_ER_IRQHandler
                0x00000000080012dc                USBWakeUp_IRQHandler
 *fill*         0x00000000080012de        0x2 
 .text.HAL_Init
                0x00000000080012e0       0x2c ./Drivers/STM32F1xx_HAL_Driver/Src/stm32f1xx_hal.o
                0x00000000080012e0                HAL_Init
 .text.HAL_InitTick
                0x000000000800130c       0x60 ./Drivers/STM32F1xx_HAL_Driver/Src/stm32f1xx_hal.o
                0x000000000800130c                HAL_InitTick
 .text.HAL_IncTick
                0x000000000800136c       0x24 ./Drivers/STM32F1xx_HAL_Driver/Src/stm32f1xx_hal.o
                0x000000000800136c                HAL_IncTick
 .text.HAL_GetTick
                0x0000000008001390       0x14 ./Drivers/STM32F1xx_HAL_Driver/Src/stm32f1xx_hal.o
                0x0000000008001390                HAL_GetTick
 .text.__NVIC_SetPriorityGrouping
                0x00000000080013a4       0x48 ./Drivers/STM32F1xx_HAL_Driver/Src/stm32f1xx_hal_cortex.o
 .text.__NVIC_GetPriorityGrouping
                0x00000000080013ec       0x1c ./Drivers/STM32F1xx_HAL_Driver/Src/stm32f1xx_hal_cortex.o
 .text.__NVIC_SetPriority
                0x0000000008001408       0x54 ./Drivers/STM32F1xx_HAL_Driver/Src/stm32f1xx_hal_cortex.o
 .text.NVIC_EncodePriority
                0x000000000800145c       0x64 ./Drivers/STM32F1xx_HAL_Driver/Src/stm32f1xx_hal_cortex.o
 .text.SysTick_Config
                0x00000000080014c0       0x44 ./Drivers/STM32F1xx_HAL_Driver/Src/stm32f1xx_hal_cortex.o
 .text.HAL_NVIC_SetPriorityGrouping
                0x0000000008001504       0x16 ./Drivers/STM32F1xx_HAL_Driver/Src/stm32f1xx_hal_cortex.o
                0x0000000008001504                HAL_NVIC_SetPriorityGrouping
 .text.HAL_NVIC_SetPriority
                0x000000000800151a       0x38 ./Drivers/STM32F1xx_HAL_Driver/Src/stm32f1xx_hal_cortex.o
                0x000000000800151a                HAL_NVIC_SetPriority
 .text.HAL_SYSTICK_Config
                0x0000000008001552       0x18 ./Drivers/STM32F1xx_HAL_Driver/Src/stm32f1xx_hal_cortex.o
                0x0000000008001552                HAL_SYSTICK_Config
 *fill*         0x000000000800156a        0x2 
 .text.HAL_GPIO_Init
                0x000000000800156c      0x308 ./Drivers/STM32F1xx_HAL_Driver/Src/stm32f1xx_hal_gpio.o
                0x000000000800156c                HAL_GPIO_Init
 .text.HAL_GPIO_ReadPin
                0x0000000008001874       0x2e ./Drivers/STM32F1xx_HAL_Driver/Src/stm32f1xx_hal_gpio.o
                0x0000000008001874                HAL_GPIO_ReadPin
 .text.HAL_GPIO_WritePin
                0x00000000080018a2       0x30 ./Drivers/STM32F1xx_HAL_Driver/Src/stm32f1xx_hal_gpio.o
                0x00000000080018a2                HAL_GPIO_WritePin
 .text.HAL_GPIO_TogglePin
                0x00000000080018d2       0x32 ./Drivers/STM32F1xx_HAL_Driver/Src/stm32f1xx_hal_gpio.o
                0x00000000080018d2                HAL_GPIO_TogglePin
 .text.HAL_RCC_OscConfig
                0x0000000008001904      0x500 ./Drivers/STM32F1xx_HAL_Driver/Src/stm32f1xx_hal_rcc.o
                0x0000000008001904                HAL_RCC_OscConfig
 .text.HAL_RCC_ClockConfig
                0x0000000008001e04      0x1d4 ./Drivers/STM32F1xx_HAL_Driver/Src/stm32f1xx_hal_rcc.o
                0x0000000008001e04                HAL_RCC_ClockConfig
 .text.HAL_RCC_GetSysClockFreq
                0x0000000008001fd8       0xc0 ./Drivers/STM32F1xx_HAL_Driver/Src/stm32f1xx_hal_rcc.o
                0x0000000008001fd8                HAL_RCC_GetSysClockFreq
 .text.RCC_Delay
                0x0000000008002098       0x3c ./Drivers/STM32F1xx_HAL_Driver/Src/stm32f1xx_hal_rcc.o
 .text.HAL_TIM_Base_Init
                0x00000000080020d4       0x9e ./Drivers/STM32F1xx_HAL_Driver/Src/stm32f1xx_hal_tim.o
                0x00000000080020d4                HAL_TIM_Base_Init
 *fill*         0x0000000008002172        0x2 
 .text.HAL_TIM_Base_Start_IT
                0x0000000008002174       0xa4 ./Drivers/STM32F1xx_HAL_Driver/Src/stm32f1xx_hal_tim.o
                0x0000000008002174                HAL_TIM_Base_Start_IT
 .text.HAL_TIM_ConfigClockSource
                0x0000000008002218      0x188 ./Drivers/STM32F1xx_HAL_Driver/Src/stm32f1xx_hal_tim.o
                0x0000000008002218                HAL_TIM_ConfigClockSource
 .text.TIM_Base_SetConfig
                0x00000000080023a0       0xc4 ./Drivers/STM32F1xx_HAL_Driver/Src/stm32f1xx_hal_tim.o
                0x00000000080023a0                TIM_Base_SetConfig
 .text.TIM_TI1_ConfigInputStage
                0x0000000008002464       0x5c ./Drivers/STM32F1xx_HAL_Driver/Src/stm32f1xx_hal_tim.o
 .text.TIM_TI2_ConfigInputStage
                0x00000000080024c0       0x5e ./Drivers/STM32F1xx_HAL_Driver/Src/stm32f1xx_hal_tim.o
 .text.TIM_ITRx_SetConfig
                0x000000000800251e       0x34 ./Drivers/STM32F1xx_HAL_Driver/Src/stm32f1xx_hal_tim.o
 .text.TIM_ETR_SetConfig
                0x0000000008002552       0x3e ./Drivers/STM32F1xx_HAL_Driver/Src/stm32f1xx_hal_tim.o
                0x0000000008002552                TIM_ETR_SetConfig
 .text.HAL_TIMEx_MasterConfigSynchronization
                0x0000000008002590       0xbc ./Drivers/STM32F1xx_HAL_Driver/Src/stm32f1xx_hal_tim_ex.o
                0x0000000008002590                HAL_TIMEx_MasterConfigSynchronization
 .text.__libc_init_array
                0x000000000800264c       0x48 c:/st/stm32cubeide_1.7.0/stm32cubeide/plugins/com.st.stm32cube.ide.mcu.externaltools.gnu-tools-for-stm32.9-2020-q2-update.win32_2.0.0.202105311346/tools/bin/../lib/gcc/arm-none-eabi/9.3.1/../../../../arm-none-eabi/lib/thumb/v7-m/nofp\libc_nano.a(lib_a-init.o)
                0x000000000800264c                __libc_init_array
 .text.memset   0x0000000008002694       0x10 c:/st/stm32cubeide_1.7.0/stm32cubeide/plugins/com.st.stm32cube.ide.mcu.externaltools.gnu-tools-for-stm32.9-2020-q2-update.win32_2.0.0.202105311346/tools/bin/../lib/gcc/arm-none-eabi/9.3.1/../../../../arm-none-eabi/lib/thumb/v7-m/nofp\libc_nano.a(lib_a-memset.o)
                0x0000000008002694                memset
 *(.glue_7)
 .glue_7        0x00000000080026a4        0x0 linker stubs
 *(.glue_7t)
 .glue_7t       0x00000000080026a4        0x0 linker stubs
 *(.eh_frame)
 .eh_frame      0x00000000080026a4        0x0 c:/st/stm32cubeide_1.7.0/stm32cubeide/plugins/com.st.stm32cube.ide.mcu.externaltools.gnu-tools-for-stm32.9-2020-q2-update.win32_2.0.0.202105311346/tools/bin/../lib/gcc/arm-none-eabi/9.3.1/thumb/v7-m/nofp/crtbegin.o
 *(.init)
 .init          0x00000000080026a4        0x4 c:/st/stm32cubeide_1.7.0/stm32cubeide/plugins/com.st.stm32cube.ide.mcu.externaltools.gnu-tools-for-stm32.9-2020-q2-update.win32_2.0.0.202105311346/tools/bin/../lib/gcc/arm-none-eabi/9.3.1/thumb/v7-m/nofp/crti.o
                0x00000000080026a4                _init
 .init          0x00000000080026a8        0x8 c:/st/stm32cubeide_1.7.0/stm32cubeide/plugins/com.st.stm32cube.ide.mcu.externaltools.gnu-tools-for-stm32.9-2020-q2-update.win32_2.0.0.202105311346/tools/bin/../lib/gcc/arm-none-eabi/9.3.1/thumb/v7-m/nofp/crtn.o
 *(.fini)
 .fini          0x00000000080026b0        0x4 c:/st/stm32cubeide_1.7.0/stm32cubeide/plugins/com.st.stm32cube.ide.mcu.externaltools.gnu-tools-for-stm32.9-2020-q2-update.win32_2.0.0.202105311346/tools/bin/../lib/gcc/arm-none-eabi/9.3.1/thumb/v7-m/nofp/crti.o
                0x00000000080026b0                _fini
 .fini          0x00000000080026b4        0x8 c:/st/stm32cubeide_1.7.0/stm32cubeide/plugins/com.st.stm32cube.ide.mcu.externaltools.gnu-tools-for-stm32.9-2020-q2-update.win32_2.0.0.202105311346/tools/bin/../lib/gcc/arm-none-eabi/9.3.1/thumb/v7-m/nofp/crtn.o
                0x00000000080026bc                . = ALIGN (0x4)
                0x00000000080026bc                _etext = .

.vfp11_veneer   0x00000000080026bc        0x0
 .vfp11_veneer  0x00000000080026bc        0x0 linker stubs

.v4_bx          0x00000000080026bc        0x0
 .v4_bx         0x00000000080026bc        0x0 linker stubs

.iplt           0x00000000080026bc        0x0
 .iplt          0x00000000080026bc        0x0 c:/st/stm32cubeide_1.7.0/stm32cubeide/plugins/com.st.stm32cube.ide.mcu.externaltools.gnu-tools-for-stm32.9-2020-q2-update.win32_2.0.0.202105311346/tools/bin/../lib/gcc/arm-none-eabi/9.3.1/thumb/v7-m/nofp/crtbegin.o

.rodata         0x00000000080026bc       0x20
                0x00000000080026bc                . = ALIGN (0x4)
 *(.rodata)
 .rodata        0x00000000080026bc       0x10 ./Drivers/STM32F1xx_HAL_Driver/Src/stm32f1xx_hal_rcc.o
 *(.rodata*)
 .rodata.AHBPrescTable
                0x00000000080026cc       0x10 ./Core/Src/system_stm32f1xx.o
                0x00000000080026cc                AHBPrescTable
                0x00000000080026dc                . = ALIGN (0x4)

.rel.dyn        0x00000000080026dc        0x0
 .rel.iplt      0x00000000080026dc        0x0 c:/st/stm32cubeide_1.7.0/stm32cubeide/plugins/com.st.stm32cube.ide.mcu.externaltools.gnu-tools-for-stm32.9-2020-q2-update.win32_2.0.0.202105311346/tools/bin/../lib/gcc/arm-none-eabi/9.3.1/thumb/v7-m/nofp/crtbegin.o

.ARM.extab      0x00000000080026dc        0x0
                0x00000000080026dc                . = ALIGN (0x4)
 *(.ARM.extab* .gnu.linkonce.armextab.*)
                0x00000000080026dc                . = ALIGN (0x4)

.ARM            0x00000000080026dc        0x0
                0x00000000080026dc                . = ALIGN (0x4)
                0x00000000080026dc                __exidx_start = .
 *(.ARM.exidx*)
                0x00000000080026dc                __exidx_end = .
                0x00000000080026dc                . = ALIGN (0x4)

.preinit_array  0x00000000080026dc        0x0
                0x00000000080026dc                . = ALIGN (0x4)
                0x00000000080026dc                PROVIDE (__preinit_array_start = .)
 *(.preinit_array*)
                0x00000000080026dc                PROVIDE (__preinit_array_end = .)
                0x00000000080026dc                . = ALIGN (0x4)

.init_array     0x00000000080026dc        0x4
                0x00000000080026dc                . = ALIGN (0x4)
                0x00000000080026dc                PROVIDE (__init_array_start = .)
 *(SORT_BY_NAME(.init_array.*))
 *(.init_array*)
 .init_array    0x00000000080026dc        0x4 c:/st/stm32cubeide_1.7.0/stm32cubeide/plugins/com.st.stm32cube.ide.mcu.externaltools.gnu-tools-for-stm32.9-2020-q2-update.win32_2.0.0.202105311346/tools/bin/../lib/gcc/arm-none-eabi/9.3.1/thumb/v7-m/nofp/crtbegin.o
                0x00000000080026e0                PROVIDE (__init_array_end = .)
                0x00000000080026e0                . = ALIGN (0x4)

.fini_array     0x00000000080026e0        0x4
                0x00000000080026e0                . = ALIGN (0x4)
                [!provide]                        PROVIDE (__fini_array_start = .)
 *(SORT_BY_NAME(.fini_array.*))
 *(.fini_array*)
 .fini_array    0x00000000080026e0        0x4 c:/st/stm32cubeide_1.7.0/stm32cubeide/plugins/com.st.stm32cube.ide.mcu.externaltools.gnu-tools-for-stm32.9-2020-q2-update.win32_2.0.0.202105311346/tools/bin/../lib/gcc/arm-none-eabi/9.3.1/thumb/v7-m/nofp/crtbegin.o
                [!provide]                        PROVIDE (__fini_array_end = .)
                0x00000000080026e4                . = ALIGN (0x4)
                0x00000000080026e4                _sidata = LOADADDR (.data)

.data           0x0000000020000000       0x24 load address 0x00000000080026e4
                0x0000000020000000                . = ALIGN (0x4)
                0x0000000020000000                _sdata = .
 *(.data)
 *(.data*)
 .data.max_red1
                0x0000000020000000        0x4 ./Core/Src/global.o
                0x0000000020000000                max_red1
 .data.max_green1
                0x0000000020000004        0x4 ./Core/Src/global.o
                0x0000000020000004                max_green1
 .data.max_yellow1
                0x0000000020000008        0x4 ./Core/Src/global.o
                0x0000000020000008                max_yellow1
 .data.max_red2
                0x000000002000000c        0x4 ./Core/Src/global.o
                0x000000002000000c                max_red2
 .data.max_green2
                0x0000000020000010        0x4 ./Core/Src/global.o
                0x0000000020000010                max_green2
 .data.max_yellow2
                0x0000000020000014        0x4 ./Core/Src/global.o
                0x0000000020000014                max_yellow2
 .data.SystemCoreClock
                0x0000000020000018        0x4 ./Core/Src/system_stm32f1xx.o
                0x0000000020000018                SystemCoreClock
 .data.uwTickPrio
                0x000000002000001c        0x4 ./Drivers/STM32F1xx_HAL_Driver/Src/stm32f1xx_hal.o
                0x000000002000001c                uwTickPrio
 .data.uwTickFreq
                0x0000000020000020        0x1 ./Drivers/STM32F1xx_HAL_Driver/Src/stm32f1xx_hal.o
                0x0000000020000020                uwTickFreq
 *(.RamFunc)
 *(.RamFunc*)
                0x0000000020000024                . = ALIGN (0x4)
 *fill*         0x0000000020000021        0x3 
                0x0000000020000024                _edata = .

.igot.plt       0x0000000020000024        0x0 load address 0x0000000008002708
 .igot.plt      0x0000000020000024        0x0 c:/st/stm32cubeide_1.7.0/stm32cubeide/plugins/com.st.stm32cube.ide.mcu.externaltools.gnu-tools-for-stm32.9-2020-q2-update.win32_2.0.0.202105311346/tools/bin/../lib/gcc/arm-none-eabi/9.3.1/thumb/v7-m/nofp/crtbegin.o
                0x0000000020000024                . = ALIGN (0x4)

.bss            0x0000000020000024      0x3a8 load address 0x0000000008002708
                0x0000000020000024                _sbss = .
                0x0000000020000024                __bss_start__ = _sbss
 *(.bss)
 .bss           0x0000000020000024       0x1c c:/st/stm32cubeide_1.7.0/stm32cubeide/plugins/com.st.stm32cube.ide.mcu.externaltools.gnu-tools-for-stm32.9-2020-q2-update.win32_2.0.0.202105311346/tools/bin/../lib/gcc/arm-none-eabi/9.3.1/thumb/v7-m/nofp/crtbegin.o
 *(.bss*)
 .bss.button_flag
                0x0000000020000040       0x10 ./Core/Src/button.o
 .bss.status    0x0000000020000050        0x4 ./Core/Src/global.o
                0x0000000020000050                status
 .bss.counter   0x0000000020000054        0x4 ./Core/Src/global.o
                0x0000000020000054                counter
 .bss.timer1_flag
                0x0000000020000058        0x4 ./Core/Src/timer.o
                0x0000000020000058                timer1_flag
 .bss.timer1_counter
                0x000000002000005c        0x4 ./Core/Src/timer.o
                0x000000002000005c                timer1_counter
 *(COMMON)
 COMMON         0x0000000020000060       0x48 ./Core/Src/main.o
                0x0000000020000060                htim2
 COMMON         0x00000000200000a8      0x320 ./Core/Src/scheduler.o
                0x00000000200000a8                SCH_tasks_G
 COMMON         0x00000000200003c8        0x4 ./Drivers/STM32F1xx_HAL_Driver/Src/stm32f1xx_hal.o
                0x00000000200003c8                uwTick
                0x00000000200003cc                . = ALIGN (0x4)
                0x00000000200003cc                _ebss = .
                0x00000000200003cc                __bss_end__ = _ebss

._user_heap_stack
                0x00000000200003cc      0x604 load address 0x0000000008002708
                0x00000000200003d0                . = ALIGN (0x8)
 *fill*         0x00000000200003cc        0x4 
                [!provide]                        PROVIDE (end = .)
                0x00000000200003d0                PROVIDE (_end = .)
                0x00000000200005d0                . = (. + _Min_Heap_Size)
 *fill*         0x00000000200003d0      0x200 
                0x00000000200009d0                . = (. + _Min_Stack_Size)
 *fill*         0x00000000200005d0      0x400 
                0x00000000200009d0                . = ALIGN (0x8)

/DISCARD/
 libc.a(*)
 libm.a(*)
 libgcc.a(*)

.ARM.attributes
                0x0000000000000000       0x29
 *(.ARM.attributes)
 .ARM.attributes
                0x0000000000000000       0x1d c:/st/stm32cubeide_1.7.0/stm32cubeide/plugins/com.st.stm32cube.ide.mcu.externaltools.gnu-tools-for-stm32.9-2020-q2-update.win32_2.0.0.202105311346/tools/bin/../lib/gcc/arm-none-eabi/9.3.1/thumb/v7-m/nofp/crti.o
 .ARM.attributes
                0x000000000000001d       0x2d c:/st/stm32cubeide_1.7.0/stm32cubeide/plugins/com.st.stm32cube.ide.mcu.externaltools.gnu-tools-for-stm32.9-2020-q2-update.win32_2.0.0.202105311346/tools/bin/../lib/gcc/arm-none-eabi/9.3.1/thumb/v7-m/nofp/crtbegin.o
 .ARM.attributes
                0x000000000000004a       0x2d ./Core/Src/button.o
 .ARM.attributes
                0x0000000000000077       0x2d ./Core/Src/fsm_auto.o
 .ARM.attributes
                0x00000000000000a4       0x2d ./Core/Src/fsm_manual.o
 .ARM.attributes
                0x00000000000000d1       0x2d ./Core/Src/fsm_pedestrian.o
 .ARM.attributes
                0x00000000000000fe       0x2d ./Core/Src/fsm_tuning.o
 .ARM.attributes
                0x000000000000012b       0x33 ./Core/Src/global.o
 .ARM.attributes
                0x000000000000015e       0x2d ./Core/Src/main.o
 .ARM.attributes
                0x000000000000018b       0x2d ./Core/Src/scheduler.o
 .ARM.attributes
                0x00000000000001b8       0x2d ./Core/Src/stm32f1xx_hal_msp.o
 .ARM.attributes
                0x00000000000001e5       0x2d ./Core/Src/stm32f1xx_it.o
 .ARM.attributes
                0x0000000000000212       0x2d ./Core/Src/system_stm32f1xx.o
 .ARM.attributes
                0x000000000000023f       0x2d ./Core/Src/timer.o
 .ARM.attributes
                0x000000000000026c       0x2d ./Core/Src/traffic.o
 .ARM.attributes
                0x0000000000000299       0x21 ./Core/Startup/startup_stm32f103rbtx.o
 .ARM.attributes
                0x00000000000002ba       0x2d ./Drivers/STM32F1xx_HAL_Driver/Src/stm32f1xx_hal.o
 .ARM.attributes
                0x00000000000002e7       0x2d ./Drivers/STM32F1xx_HAL_Driver/Src/stm32f1xx_hal_cortex.o
 .ARM.attributes
                0x0000000000000314       0x2d ./Drivers/STM32F1xx_HAL_Driver/Src/stm32f1xx_hal_gpio.o
 .ARM.attributes
                0x0000000000000341       0x2d ./Drivers/STM32F1xx_HAL_Driver/Src/stm32f1xx_hal_rcc.o
 .ARM.attributes
                0x000000000000036e       0x2d ./Drivers/STM32F1xx_HAL_Driver/Src/stm32f1xx_hal_tim.o
 .ARM.attributes
                0x000000000000039b       0x2d ./Drivers/STM32F1xx_HAL_Driver/Src/stm32f1xx_hal_tim_ex.o
 .ARM.attributes
                0x00000000000003c8       0x2d c:/st/stm32cubeide_1.7.0/stm32cubeide/plugins/com.st.stm32cube.ide.mcu.externaltools.gnu-tools-for-stm32.9-2020-q2-update.win32_2.0.0.202105311346/tools/bin/../lib/gcc/arm-none-eabi/9.3.1/../../../../arm-none-eabi/lib/thumb/v7-m/nofp\libc_nano.a(lib_a-init.o)
 .ARM.attributes
                0x00000000000003f5       0x2d c:/st/stm32cubeide_1.7.0/stm32cubeide/plugins/com.st.stm32cube.ide.mcu.externaltools.gnu-tools-for-stm32.9-2020-q2-update.win32_2.0.0.202105311346/tools/bin/../lib/gcc/arm-none-eabi/9.3.1/../../../../arm-none-eabi/lib/thumb/v7-m/nofp\libc_nano.a(lib_a-memset.o)
 .ARM.attributes
                0x0000000000000422       0x1d c:/st/stm32cubeide_1.7.0/stm32cubeide/plugins/com.st.stm32cube.ide.mcu.externaltools.gnu-tools-for-stm32.9-2020-q2-update.win32_2.0.0.202105311346/tools/bin/../lib/gcc/arm-none-eabi/9.3.1/thumb/v7-m/nofp/crtn.o
OUTPUT(Mini_Project.elf elf32-littlearm)
LOAD linker stubs
LOAD c:/st/stm32cubeide_1.7.0/stm32cubeide/plugins/com.st.stm32cube.ide.mcu.externaltools.gnu-tools-for-stm32.9-2020-q2-update.win32_2.0.0.202105311346/tools/bin/../lib/gcc/arm-none-eabi/9.3.1/../../../../arm-none-eabi/lib/thumb/v7-m/nofp\libc.a
LOAD c:/st/stm32cubeide_1.7.0/stm32cubeide/plugins/com.st.stm32cube.ide.mcu.externaltools.gnu-tools-for-stm32.9-2020-q2-update.win32_2.0.0.202105311346/tools/bin/../lib/gcc/arm-none-eabi/9.3.1/../../../../arm-none-eabi/lib/thumb/v7-m/nofp\libm.a
LOAD c:/st/stm32cubeide_1.7.0/stm32cubeide/plugins/com.st.stm32cube.ide.mcu.externaltools.gnu-tools-for-stm32.9-2020-q2-update.win32_2.0.0.202105311346/tools/bin/../lib/gcc/arm-none-eabi/9.3.1/thumb/v7-m/nofp\libgcc.a

.debug_info     0x0000000000000000     0x97d1
 .debug_info    0x0000000000000000      0x33e ./Core/Src/button.o
 .debug_info    0x000000000000033e      0x216 ./Core/Src/fsm_auto.o
 .debug_info    0x0000000000000554      0x216 ./Core/Src/fsm_manual.o
 .debug_info    0x000000000000076a       0x3c ./Core/Src/fsm_pedestrian.o
 .debug_info    0x00000000000007a6      0x222 ./Core/Src/fsm_tuning.o
 .debug_info    0x00000000000009c8      0x278 ./Core/Src/global.o
 .debug_info    0x0000000000000c40      0xbfa ./Core/Src/main.o
 .debug_info    0x000000000000183a      0x33a ./Core/Src/scheduler.o
 .debug_info    0x0000000000001b74      0x8db ./Core/Src/stm32f1xx_hal_msp.o
 .debug_info    0x000000000000244f      0x222 ./Core/Src/stm32f1xx_it.o
 .debug_info    0x0000000000002671      0x2be ./Core/Src/system_stm32f1xx.o
 .debug_info    0x000000000000292f      0x824 ./Core/Src/timer.o
 .debug_info    0x0000000000003153      0x46d ./Core/Src/traffic.o
 .debug_info    0x00000000000035c0       0x22 ./Core/Startup/startup_stm32f103rbtx.o
 .debug_info    0x00000000000035e2      0x76a ./Drivers/STM32F1xx_HAL_Driver/Src/stm32f1xx_hal.o
 .debug_info    0x0000000000003d4c      0xbdc ./Drivers/STM32F1xx_HAL_Driver/Src/stm32f1xx_hal_cortex.o
 .debug_info    0x0000000000004928      0x701 ./Drivers/STM32F1xx_HAL_Driver/Src/stm32f1xx_hal_gpio.o
 .debug_info    0x0000000000005029      0x88e ./Drivers/STM32F1xx_HAL_Driver/Src/stm32f1xx_hal_rcc.o
 .debug_info    0x00000000000058b7     0x2a45 ./Drivers/STM32F1xx_HAL_Driver/Src/stm32f1xx_hal_tim.o
 .debug_info    0x00000000000082fc     0x14d5 ./Drivers/STM32F1xx_HAL_Driver/Src/stm32f1xx_hal_tim_ex.o

.debug_abbrev   0x0000000000000000     0x1d3a
 .debug_abbrev  0x0000000000000000      0x16c ./Core/Src/button.o
 .debug_abbrev  0x000000000000016c       0xb6 ./Core/Src/fsm_auto.o
 .debug_abbrev  0x0000000000000222       0xb6 ./Core/Src/fsm_manual.o
 .debug_abbrev  0x00000000000002d8       0x2f ./Core/Src/fsm_pedestrian.o
 .debug_abbrev  0x0000000000000307       0xb6 ./Core/Src/fsm_tuning.o
 .debug_abbrev  0x00000000000003bd       0xa9 ./Core/Src/global.o
 .debug_abbrev  0x0000000000000466      0x233 ./Core/Src/main.o
 .debug_abbrev  0x0000000000000699      0x1b3 ./Core/Src/scheduler.o
 .debug_abbrev  0x000000000000084c      0x1ae ./Core/Src/stm32f1xx_hal_msp.o
 .debug_abbrev  0x00000000000009fa       0xd2 ./Core/Src/stm32f1xx_it.o
 .debug_abbrev  0x0000000000000acc      0x14e ./Core/Src/system_stm32f1xx.o
 .debug_abbrev  0x0000000000000c1a      0x1e1 ./Core/Src/timer.o
 .debug_abbrev  0x0000000000000dfb      0x10e ./Core/Src/traffic.o
 .debug_abbrev  0x0000000000000f09       0x12 ./Core/Startup/startup_stm32f103rbtx.o
 .debug_abbrev  0x0000000000000f1b      0x1ed ./Drivers/STM32F1xx_HAL_Driver/Src/stm32f1xx_hal.o
 .debug_abbrev  0x0000000000001108      0x313 ./Drivers/STM32F1xx_HAL_Driver/Src/stm32f1xx_hal_cortex.o
 .debug_abbrev  0x000000000000141b      0x1e8 ./Drivers/STM32F1xx_HAL_Driver/Src/stm32f1xx_hal_gpio.o
 .debug_abbrev  0x0000000000001603      0x273 ./Drivers/STM32F1xx_HAL_Driver/Src/stm32f1xx_hal_rcc.o
 .debug_abbrev  0x0000000000001876      0x25e ./Drivers/STM32F1xx_HAL_Driver/Src/stm32f1xx_hal_tim.o
 .debug_abbrev  0x0000000000001ad4      0x266 ./Drivers/STM32F1xx_HAL_Driver/Src/stm32f1xx_hal_tim_ex.o

.debug_aranges  0x0000000000000000      0xb50
 .debug_aranges
                0x0000000000000000       0x30 ./Core/Src/button.o
 .debug_aranges
                0x0000000000000030       0x20 ./Core/Src/fsm_auto.o
 .debug_aranges
                0x0000000000000050       0x20 ./Core/Src/fsm_manual.o
 .debug_aranges
                0x0000000000000070       0x20 ./Core/Src/fsm_pedestrian.o
 .debug_aranges
                0x0000000000000090       0x20 ./Core/Src/fsm_tuning.o
 .debug_aranges
                0x00000000000000b0       0x18 ./Core/Src/global.o
 .debug_aranges
                0x00000000000000c8       0x48 ./Core/Src/main.o
 .debug_aranges
                0x0000000000000110       0x48 ./Core/Src/scheduler.o
 .debug_aranges
                0x0000000000000158       0x30 ./Core/Src/stm32f1xx_hal_msp.o
 .debug_aranges
                0x0000000000000188       0x60 ./Core/Src/stm32f1xx_it.o
 .debug_aranges
                0x00000000000001e8       0x28 ./Core/Src/system_stm32f1xx.o
 .debug_aranges
                0x0000000000000210       0x40 ./Core/Src/timer.o
 .debug_aranges
                0x0000000000000250       0xd8 ./Core/Src/traffic.o
 .debug_aranges
                0x0000000000000328       0x28 ./Core/Startup/startup_stm32f103rbtx.o
 .debug_aranges
                0x0000000000000350       0xe0 ./Drivers/STM32F1xx_HAL_Driver/Src/stm32f1xx_hal.o
 .debug_aranges
                0x0000000000000430      0x100 ./Drivers/STM32F1xx_HAL_Driver/Src/stm32f1xx_hal_cortex.o
 .debug_aranges
                0x0000000000000530       0x58 ./Drivers/STM32F1xx_HAL_Driver/Src/stm32f1xx_hal_gpio.o
 .debug_aranges
                0x0000000000000588       0x90 ./Drivers/STM32F1xx_HAL_Driver/Src/stm32f1xx_hal_rcc.o
 .debug_aranges
                0x0000000000000618      0x3d0 ./Drivers/STM32F1xx_HAL_Driver/Src/stm32f1xx_hal_tim.o
 .debug_aranges
                0x00000000000009e8      0x168 ./Drivers/STM32F1xx_HAL_Driver/Src/stm32f1xx_hal_tim_ex.o

.debug_ranges   0x0000000000000000      0xa10
 .debug_ranges  0x0000000000000000       0x20 ./Core/Src/button.o
 .debug_ranges  0x0000000000000020       0x10 ./Core/Src/fsm_auto.o
 .debug_ranges  0x0000000000000030       0x10 ./Core/Src/fsm_manual.o
 .debug_ranges  0x0000000000000040       0x10 ./Core/Src/fsm_pedestrian.o
 .debug_ranges  0x0000000000000050       0x10 ./Core/Src/fsm_tuning.o
 .debug_ranges  0x0000000000000060       0x38 ./Core/Src/main.o
 .debug_ranges  0x0000000000000098       0x38 ./Core/Src/scheduler.o
 .debug_ranges  0x00000000000000d0       0x20 ./Core/Src/stm32f1xx_hal_msp.o
 .debug_ranges  0x00000000000000f0       0x50 ./Core/Src/stm32f1xx_it.o
 .debug_ranges  0x0000000000000140       0x18 ./Core/Src/system_stm32f1xx.o
 .debug_ranges  0x0000000000000158       0x30 ./Core/Src/timer.o
 .debug_ranges  0x0000000000000188       0xc8 ./Core/Src/traffic.o
 .debug_ranges  0x0000000000000250       0x20 ./Core/Startup/startup_stm32f103rbtx.o
 .debug_ranges  0x0000000000000270       0xd0 ./Drivers/STM32F1xx_HAL_Driver/Src/stm32f1xx_hal.o
 .debug_ranges  0x0000000000000340       0xf0 ./Drivers/STM32F1xx_HAL_Driver/Src/stm32f1xx_hal_cortex.o
 .debug_ranges  0x0000000000000430       0x48 ./Drivers/STM32F1xx_HAL_Driver/Src/stm32f1xx_hal_gpio.o
 .debug_ranges  0x0000000000000478       0x80 ./Drivers/STM32F1xx_HAL_Driver/Src/stm32f1xx_hal_rcc.o
 .debug_ranges  0x00000000000004f8      0x3c0 ./Drivers/STM32F1xx_HAL_Driver/Src/stm32f1xx_hal_tim.o
 .debug_ranges  0x00000000000008b8      0x158 ./Drivers/STM32F1xx_HAL_Driver/Src/stm32f1xx_hal_tim_ex.o

.debug_macro    0x0000000000000000    0x176bb
 .debug_macro   0x0000000000000000      0x1cb ./Core/Src/button.o
 .debug_macro   0x00000000000001cb      0xa9c ./Core/Src/button.o
 .debug_macro   0x0000000000000c67      0x215 ./Core/Src/button.o
 .debug_macro   0x0000000000000e7c       0x2e ./Core/Src/button.o
 .debug_macro   0x0000000000000eaa       0x22 ./Core/Src/button.o
 .debug_macro   0x0000000000000ecc       0x22 ./Core/Src/button.o
 .debug_macro   0x0000000000000eee       0x8e ./Core/Src/button.o
 .debug_macro   0x0000000000000f7c       0x51 ./Core/Src/button.o
 .debug_macro   0x0000000000000fcd      0x103 ./Core/Src/button.o
 .debug_macro   0x00000000000010d0       0x6a ./Core/Src/button.o
 .debug_macro   0x000000000000113a      0x1df ./Core/Src/button.o
 .debug_macro   0x0000000000001319       0x1c ./Core/Src/button.o
 .debug_macro   0x0000000000001335       0x22 ./Core/Src/button.o
 .debug_macro   0x0000000000001357       0xc3 ./Core/Src/button.o
 .debug_macro   0x000000000000141a      0xd23 ./Core/Src/button.o
 .debug_macro   0x000000000000213d     0xe09e ./Core/Src/button.o
 .debug_macro   0x00000000000101db       0x6d ./Core/Src/button.o
 .debug_macro   0x0000000000010248     0x3468 ./Core/Src/button.o
 .debug_macro   0x00000000000136b0      0x174 ./Core/Src/button.o
 .debug_macro   0x0000000000013824       0x5c ./Core/Src/button.o
 .debug_macro   0x0000000000013880      0x5be ./Core/Src/button.o
 .debug_macro   0x0000000000013e3e      0x289 ./Core/Src/button.o
 .debug_macro   0x00000000000140c7      0x1cb ./Core/Src/button.o
 .debug_macro   0x0000000000014292      0x114 ./Core/Src/button.o
 .debug_macro   0x00000000000143a6      0x1b2 ./Core/Src/button.o
 .debug_macro   0x0000000000014558       0x27 ./Core/Src/button.o
 .debug_macro   0x000000000001457f      0x136 ./Core/Src/button.o
 .debug_macro   0x00000000000146b5      0x1bc ./Core/Src/button.o
 .debug_macro   0x0000000000014871       0x34 ./Core/Src/button.o
 .debug_macro   0x00000000000148a5       0x3c ./Core/Src/button.o
 .debug_macro   0x00000000000148e1       0x57 ./Core/Src/button.o
 .debug_macro   0x0000000000014938       0x88 ./Core/Src/button.o
 .debug_macro   0x00000000000149c0      0x241 ./Core/Src/button.o
 .debug_macro   0x0000000000014c01      0x141 ./Core/Src/button.o
 .debug_macro   0x0000000000014d42      0x8d1 ./Core/Src/button.o
 .debug_macro   0x0000000000015613       0x83 ./Core/Src/button.o
 .debug_macro   0x0000000000015696       0x88 ./Core/Src/button.o
 .debug_macro   0x000000000001571e       0x34 ./Core/Src/button.o
 .debug_macro   0x0000000000015752      0x1fb ./Core/Src/fsm_auto.o
 .debug_macro   0x000000000001594d       0x16 ./Core/Src/fsm_auto.o
 .debug_macro   0x0000000000015963       0x5e ./Core/Src/fsm_auto.o
 .debug_macro   0x00000000000159c1      0x1fb ./Core/Src/fsm_manual.o
 .debug_macro   0x0000000000015bbc       0x1b ./Core/Src/fsm_pedestrian.o
 .debug_macro   0x0000000000015bd7      0x1fb ./Core/Src/fsm_tuning.o
 .debug_macro   0x0000000000015dd2      0x1f1 ./Core/Src/global.o
 .debug_macro   0x0000000000015fc3      0x227 ./Core/Src/main.o
 .debug_macro   0x00000000000161ea       0x10 ./Core/Src/main.o
 .debug_macro   0x00000000000161fa      0x1da ./Core/Src/scheduler.o
 .debug_macro   0x00000000000163d4      0x1a8 ./Core/Src/stm32f1xx_hal_msp.o
 .debug_macro   0x000000000001657c      0x1b2 ./Core/Src/stm32f1xx_it.o
 .debug_macro   0x000000000001672e      0x199 ./Core/Src/system_stm32f1xx.o
 .debug_macro   0x00000000000168c7      0x1cb ./Core/Src/timer.o
 .debug_macro   0x0000000000016a92      0x1f1 ./Core/Src/traffic.o
 .debug_macro   0x0000000000016c83      0x1bd ./Drivers/STM32F1xx_HAL_Driver/Src/stm32f1xx_hal.o
 .debug_macro   0x0000000000016e40      0x199 ./Drivers/STM32F1xx_HAL_Driver/Src/stm32f1xx_hal_cortex.o
 .debug_macro   0x0000000000016fd9      0x204 ./Drivers/STM32F1xx_HAL_Driver/Src/stm32f1xx_hal_gpio.o
 .debug_macro   0x00000000000171dd      0x1ab ./Drivers/STM32F1xx_HAL_Driver/Src/stm32f1xx_hal_rcc.o
 .debug_macro   0x0000000000017388      0x19a ./Drivers/STM32F1xx_HAL_Driver/Src/stm32f1xx_hal_tim.o
 .debug_macro   0x0000000000017522      0x199 ./Drivers/STM32F1xx_HAL_Driver/Src/stm32f1xx_hal_tim_ex.o

.debug_line     0x0000000000000000     0xd7ac
 .debug_line    0x0000000000000000      0x873 ./Core/Src/button.o
 .debug_line    0x0000000000000873      0x788 ./Core/Src/fsm_auto.o
 .debug_line    0x0000000000000ffb      0x75f ./Core/Src/fsm_manual.o
 .debug_line    0x000000000000175a       0x71 ./Core/Src/fsm_pedestrian.o
 .debug_line    0x00000000000017cb      0x903 ./Core/Src/fsm_tuning.o
 .debug_line    0x00000000000020ce      0x6eb ./Core/Src/global.o
 .debug_line    0x00000000000027b9      0x82e ./Core/Src/main.o
 .debug_line    0x0000000000002fe7      0x823 ./Core/Src/scheduler.o
 .debug_line    0x000000000000380a      0x709 ./Core/Src/stm32f1xx_hal_msp.o
 .debug_line    0x0000000000003f13      0x792 ./Core/Src/stm32f1xx_it.o
 .debug_line    0x00000000000046a5      0x74e ./Core/Src/system_stm32f1xx.o
 .debug_line    0x0000000000004df3      0x787 ./Core/Src/timer.o
 .debug_line    0x000000000000557a      0x96b ./Core/Src/traffic.o
 .debug_line    0x0000000000005ee5       0x87 ./Core/Startup/startup_stm32f103rbtx.o
 .debug_line    0x0000000000005f6c      0x97b ./Drivers/STM32F1xx_HAL_Driver/Src/stm32f1xx_hal.o
 .debug_line    0x00000000000068e7      0xb63 ./Drivers/STM32F1xx_HAL_Driver/Src/stm32f1xx_hal_cortex.o
 .debug_line    0x000000000000744a      0xa12 ./Drivers/STM32F1xx_HAL_Driver/Src/stm32f1xx_hal_gpio.o
 .debug_line    0x0000000000007e5c      0xd89 ./Drivers/STM32F1xx_HAL_Driver/Src/stm32f1xx_hal_rcc.o
 .debug_line    0x0000000000008be5     0x3324 ./Drivers/STM32F1xx_HAL_Driver/Src/stm32f1xx_hal_tim.o
 .debug_line    0x000000000000bf09     0x18a3 ./Drivers/STM32F1xx_HAL_Driver/Src/stm32f1xx_hal_tim_ex.o

.debug_str      0x0000000000000000    0x84834
 .debug_str     0x0000000000000000    0x81928 ./Core/Src/button.o
                                      0x81c5f (size before relaxing)
 .debug_str     0x0000000000081928      0x1e8 ./Core/Src/fsm_auto.o
                                      0x81d34 (size before relaxing)
 .debug_str     0x0000000000081b10       0x3b ./Core/Src/fsm_manual.o
                                      0x81d3a (size before relaxing)
 .debug_str     0x0000000000081b4b       0x47 ./Core/Src/fsm_pedestrian.o
                                       0x2d97 (size before relaxing)
 .debug_str     0x0000000000081b92       0x44 ./Core/Src/fsm_tuning.o
                                      0x81d4f (size before relaxing)
 .debug_str     0x0000000000081bd6       0x15 ./Core/Src/global.o
                                      0x81d29 (size before relaxing)
 .debug_str     0x0000000000081beb      0x6e0 ./Core/Src/main.o
                                      0x82508 (size before relaxing)
 .debug_str     0x00000000000822cb       0x9e ./Core/Src/scheduler.o
                                      0x81c5d (size before relaxing)
 .debug_str     0x0000000000082369       0x90 ./Core/Src/stm32f1xx_hal_msp.o
                                      0x8200b (size before relaxing)
 .debug_str     0x00000000000823f9       0xbd ./Core/Src/stm32f1xx_it.o
                                      0x81b3e (size before relaxing)
 .debug_str     0x00000000000824b6       0x52 ./Core/Src/system_stm32f1xx.o
                                      0x8188f (size before relaxing)
 .debug_str     0x0000000000082508       0x95 ./Core/Src/timer.o
                                      0x820bf (size before relaxing)
 .debug_str     0x000000000008259d      0x1ca ./Core/Src/traffic.o
                                      0x81f25 (size before relaxing)
 .debug_str     0x0000000000082767       0x36 ./Core/Startup/startup_stm32f103rbtx.o
                                         0x6f (size before relaxing)
 .debug_str     0x000000000008279d      0x568 ./Drivers/STM32F1xx_HAL_Driver/Src/stm32f1xx_hal.o
                                      0x81f20 (size before relaxing)
 .debug_str     0x0000000000082d05      0x300 ./Drivers/STM32F1xx_HAL_Driver/Src/stm32f1xx_hal_cortex.o
                                      0x81f28 (size before relaxing)
 .debug_str     0x0000000000083005      0x324 ./Drivers/STM32F1xx_HAL_Driver/Src/stm32f1xx_hal_gpio.o
                                      0x81c53 (size before relaxing)
 .debug_str     0x0000000000083329      0x24f ./Drivers/STM32F1xx_HAL_Driver/Src/stm32f1xx_hal_rcc.o
                                      0x81c8c (size before relaxing)
 .debug_str     0x0000000000083578      0xdce ./Drivers/STM32F1xx_HAL_Driver/Src/stm32f1xx_hal_tim.o
                                      0x82c5e (size before relaxing)
 .debug_str     0x0000000000084346      0x4ee ./Drivers/STM32F1xx_HAL_Driver/Src/stm32f1xx_hal_tim_ex.o
                                      0x8240f (size before relaxing)

.comment        0x0000000000000000       0x53
 .comment       0x0000000000000000       0x53 ./Core/Src/button.o
                                         0x54 (size before relaxing)
 .comment       0x0000000000000053       0x54 ./Core/Src/fsm_auto.o
 .comment       0x0000000000000053       0x54 ./Core/Src/fsm_manual.o
 .comment       0x0000000000000053       0x54 ./Core/Src/fsm_pedestrian.o
 .comment       0x0000000000000053       0x54 ./Core/Src/fsm_tuning.o
 .comment       0x0000000000000053       0x54 ./Core/Src/global.o
 .comment       0x0000000000000053       0x54 ./Core/Src/main.o
 .comment       0x0000000000000053       0x54 ./Core/Src/scheduler.o
 .comment       0x0000000000000053       0x54 ./Core/Src/stm32f1xx_hal_msp.o
 .comment       0x0000000000000053       0x54 ./Core/Src/stm32f1xx_it.o
 .comment       0x0000000000000053       0x54 ./Core/Src/system_stm32f1xx.o
 .comment       0x0000000000000053       0x54 ./Core/Src/timer.o
 .comment       0x0000000000000053       0x54 ./Core/Src/traffic.o
 .comment       0x0000000000000053       0x54 ./Drivers/STM32F1xx_HAL_Driver/Src/stm32f1xx_hal.o
 .comment       0x0000000000000053       0x54 ./Drivers/STM32F1xx_HAL_Driver/Src/stm32f1xx_hal_cortex.o
 .comment       0x0000000000000053       0x54 ./Drivers/STM32F1xx_HAL_Driver/Src/stm32f1xx_hal_gpio.o
 .comment       0x0000000000000053       0x54 ./Drivers/STM32F1xx_HAL_Driver/Src/stm32f1xx_hal_rcc.o
 .comment       0x0000000000000053       0x54 ./Drivers/STM32F1xx_HAL_Driver/Src/stm32f1xx_hal_tim.o
 .comment       0x0000000000000053       0x54 ./Drivers/STM32F1xx_HAL_Driver/Src/stm32f1xx_hal_tim_ex.o

.debug_frame    0x0000000000000000     0x2b68
 .debug_frame   0x0000000000000000       0x84 ./Core/Src/button.o
 .debug_frame   0x0000000000000084       0x2c ./Core/Src/fsm_auto.o
 .debug_frame   0x00000000000000b0       0x2c ./Core/Src/fsm_manual.o
 .debug_frame   0x00000000000000dc       0x30 ./Core/Src/fsm_pedestrian.o
 .debug_frame   0x000000000000010c       0x2c ./Core/Src/fsm_tuning.o
 .debug_frame   0x0000000000000138       0xcc ./Core/Src/main.o
 .debug_frame   0x0000000000000204       0xec ./Core/Src/scheduler.o
 .debug_frame   0x00000000000002f0       0x88 ./Core/Src/stm32f1xx_hal_msp.o
 .debug_frame   0x0000000000000378      0x104 ./Core/Src/stm32f1xx_it.o
 .debug_frame   0x000000000000047c       0x58 ./Core/Src/system_stm32f1xx.o
 .debug_frame   0x00000000000004d4       0xcc ./Core/Src/timer.o
 .debug_frame   0x00000000000005a0      0x2c8 ./Core/Src/traffic.o
 .debug_frame   0x0000000000000868      0x334 ./Drivers/STM32F1xx_HAL_Driver/Src/stm32f1xx_hal.o
 .debug_frame   0x0000000000000b9c      0x428 ./Drivers/STM32F1xx_HAL_Driver/Src/stm32f1xx_hal_cortex.o
 .debug_frame   0x0000000000000fc4      0x14c ./Drivers/STM32F1xx_HAL_Driver/Src/stm32f1xx_hal_gpio.o
 .debug_frame   0x0000000000001110      0x21c ./Drivers/STM32F1xx_HAL_Driver/Src/stm32f1xx_hal_rcc.o
 .debug_frame   0x000000000000132c     0x11b8 ./Drivers/STM32F1xx_HAL_Driver/Src/stm32f1xx_hal_tim.o
 .debug_frame   0x00000000000024e4      0x638 ./Drivers/STM32F1xx_HAL_Driver/Src/stm32f1xx_hal_tim_ex.o
 .debug_frame   0x0000000000002b1c       0x2c c:/st/stm32cubeide_1.7.0/stm32cubeide/plugins/com.st.stm32cube.ide.mcu.externaltools.gnu-tools-for-stm32.9-2020-q2-update.win32_2.0.0.202105311346/tools/bin/../lib/gcc/arm-none-eabi/9.3.1/../../../../arm-none-eabi/lib/thumb/v7-m/nofp\libc_nano.a(lib_a-init.o)
 .debug_frame   0x0000000000002b48       0x20 c:/st/stm32cubeide_1.7.0/stm32cubeide/plugins/com.st.stm32cube.ide.mcu.externaltools.gnu-tools-for-stm32.9-2020-q2-update.win32_2.0.0.202105311346/tools/bin/../lib/gcc/arm-none-eabi/9.3.1/../../../../arm-none-eabi/lib/thumb/v7-m/nofp\libc_nano.a(lib_a-memset.o)
