traffic.c:9:6:setTraffic1Red	8	static
traffic.c:15:6:setTraffic2Red	8	static
traffic.c:20:6:setTraffic1Green	8	static
traffic.c:25:6:clearTraffic1	8	static
traffic.c:31:6:setTraffic2Green	8	static
traffic.c:36:6:setTraffic1Yellow	8	static
traffic.c:41:6:setTraffic2Yellow	8	static
traffic.c:46:6:clearTraffic2	8	static
traffic.c:51:6:setPedestrianRed	8	static
traffic.c:56:6:setPedestrianGreen	8	static
traffic.c:61:6:setPedestrianYellow	8	static
traffic.c:66:6:clearPedestrian	8	static
traffic.c:71:6:toggleTraffic1Red	8	static
traffic.c:76:6:toggleTraffic2Red	8	static
traffic.c:81:6:toggleTraffic1Green	8	static
traffic.c:86:6:toggleTraffic2Green	8	static
traffic.c:91:6:toggleTraffic1Yellow	8	static
traffic.c:97:6:toggleTraffic2Yellow	8	static
